Component: ARM Compiler 5.06 update 6 (build 750) Tool: armlink [4d35ed]

==============================================================================

Section Cross References

    startup_stm32f411xe.o(RESET) refers to startup_stm32f411xe.o(STACK) for __initial_sp
    startup_stm32f411xe.o(RESET) refers to startup_stm32f411xe.o(.text) for Reset_Handler
    startup_stm32f411xe.o(RESET) refers to stm32f4xx_it.o(i.NMI_Handler) for NMI_Handler
    startup_stm32f411xe.o(RESET) refers to stm32f4xx_it.o(i.HardFault_Handler) for HardFault_Handler
    startup_stm32f411xe.o(RESET) refers to stm32f4xx_it.o(i.MemManage_Handler) for MemManage_Handler
    startup_stm32f411xe.o(RESET) refers to stm32f4xx_it.o(i.BusFault_Handler) for BusFault_Handler
    startup_stm32f411xe.o(RESET) refers to stm32f4xx_it.o(i.UsageFault_Handler) for UsageFault_Handler
    startup_stm32f411xe.o(RESET) refers to stm32f4xx_it.o(i.SVC_Handler) for SVC_Handler
    startup_stm32f411xe.o(RESET) refers to stm32f4xx_it.o(i.DebugMon_Handler) for DebugMon_Handler
    startup_stm32f411xe.o(RESET) refers to stm32f4xx_it.o(i.PendSV_Handler) for PendSV_Handler
    startup_stm32f411xe.o(RESET) refers to stm32f4xx_it.o(i.SysTick_Handler) for SysTick_Handler
    startup_stm32f411xe.o(RESET) refers to stm32f4xx_it.o(i.OTG_FS_IRQHandler) for OTG_FS_IRQHandler
    startup_stm32f411xe.o(.text) refers to system_stm32f4xx.o(i.SystemInit) for SystemInit
    startup_stm32f411xe.o(.text) refers to entry.o(.ARM.Collect$$$$00000000) for __main
    main.o(i.SystemClock_Config) refers to memseta.o(.text) for __aeabi_memclr4
    main.o(i.SystemClock_Config) refers to stm32f4xx_hal_rcc.o(i.HAL_RCC_OscConfig) for HAL_RCC_OscConfig
    main.o(i.SystemClock_Config) refers to stm32f4xx_hal_rcc.o(i.HAL_RCC_ClockConfig) for HAL_RCC_ClockConfig
    main.o(i.main) refers to stm32f4xx_hal.o(i.HAL_Init) for HAL_Init
    main.o(i.main) refers to main.o(i.SystemClock_Config) for SystemClock_Config
    main.o(i.main) refers to gpio.o(i.MX_GPIO_Init) for MX_GPIO_Init
    main.o(i.main) refers to spi.o(i.MX_SPI1_Init) for MX_SPI1_Init
    main.o(i.main) refers to usb_device.o(i.MX_USB_DEVICE_Init) for MX_USB_DEVICE_Init
    main.o(i.main) refers to w25qxx.o(i.W25qxx_Init) for W25qxx_Init
    gpio.o(i.MX_GPIO_Init) refers to memseta.o(.text) for __aeabi_memclr4
    gpio.o(i.MX_GPIO_Init) refers to stm32f4xx_hal_gpio.o(i.HAL_GPIO_WritePin) for HAL_GPIO_WritePin
    gpio.o(i.MX_GPIO_Init) refers to stm32f4xx_hal_gpio.o(i.HAL_GPIO_Init) for HAL_GPIO_Init
    spi.o(i.HAL_SPI_MspDeInit) refers to stm32f4xx_hal_gpio.o(i.HAL_GPIO_DeInit) for HAL_GPIO_DeInit
    spi.o(i.HAL_SPI_MspInit) refers to memseta.o(.text) for __aeabi_memclr4
    spi.o(i.HAL_SPI_MspInit) refers to stm32f4xx_hal_gpio.o(i.HAL_GPIO_Init) for HAL_GPIO_Init
    spi.o(i.MX_SPI1_Init) refers to stm32f4xx_hal_spi.o(i.HAL_SPI_Init) for HAL_SPI_Init
    spi.o(i.MX_SPI1_Init) refers to main.o(i.Error_Handler) for Error_Handler
    spi.o(i.MX_SPI1_Init) refers to spi.o(.bss) for .bss
    usb_device.o(i.MX_USB_DEVICE_Init) refers to usbd_core.o(i.USBD_Init) for USBD_Init
    usb_device.o(i.MX_USB_DEVICE_Init) refers to main.o(i.Error_Handler) for Error_Handler
    usb_device.o(i.MX_USB_DEVICE_Init) refers to usbd_core.o(i.USBD_RegisterClass) for USBD_RegisterClass
    usb_device.o(i.MX_USB_DEVICE_Init) refers to usbd_msc.o(i.USBD_MSC_RegisterStorage) for USBD_MSC_RegisterStorage
    usb_device.o(i.MX_USB_DEVICE_Init) refers to usbd_core.o(i.USBD_Start) for USBD_Start
    usb_device.o(i.MX_USB_DEVICE_Init) refers to usbd_desc.o(.data) for FS_Desc
    usb_device.o(i.MX_USB_DEVICE_Init) refers to usb_device.o(.bss) for .bss
    usb_device.o(i.MX_USB_DEVICE_Init) refers to usbd_msc.o(.data) for USBD_MSC
    usb_device.o(i.MX_USB_DEVICE_Init) refers to usbd_storage_if.o(.data) for USBD_Storage_Interface_fops_FS
    usbd_conf.o(i.HAL_PCD_ConnectCallback) refers to usbd_core.o(i.USBD_LL_DevConnected) for USBD_LL_DevConnected
    usbd_conf.o(i.HAL_PCD_DataInStageCallback) refers to usbd_core.o(i.USBD_LL_DataInStage) for USBD_LL_DataInStage
    usbd_conf.o(i.HAL_PCD_DataOutStageCallback) refers to usbd_core.o(i.USBD_LL_DataOutStage) for USBD_LL_DataOutStage
    usbd_conf.o(i.HAL_PCD_DisconnectCallback) refers to usbd_core.o(i.USBD_LL_DevDisconnected) for USBD_LL_DevDisconnected
    usbd_conf.o(i.HAL_PCD_ISOINIncompleteCallback) refers to usbd_core.o(i.USBD_LL_IsoINIncomplete) for USBD_LL_IsoINIncomplete
    usbd_conf.o(i.HAL_PCD_ISOOUTIncompleteCallback) refers to usbd_core.o(i.USBD_LL_IsoOUTIncomplete) for USBD_LL_IsoOUTIncomplete
    usbd_conf.o(i.HAL_PCD_MspDeInit) refers to stm32f4xx_hal_gpio.o(i.HAL_GPIO_DeInit) for HAL_GPIO_DeInit
    usbd_conf.o(i.HAL_PCD_MspDeInit) refers to stm32f4xx_hal_cortex.o(i.HAL_NVIC_DisableIRQ) for HAL_NVIC_DisableIRQ
    usbd_conf.o(i.HAL_PCD_MspInit) refers to memseta.o(.text) for __aeabi_memclr4
    usbd_conf.o(i.HAL_PCD_MspInit) refers to stm32f4xx_hal_gpio.o(i.HAL_GPIO_Init) for HAL_GPIO_Init
[...]
    i.HAL_PCD_DataOutStageCallback           0x080006a4   Section        0  usbd_conf.o(i.HAL_PCD_DataOutStageCallback)
    i.HAL_PCD_DisconnectCallback             0x080006b8   Section        0  usbd_conf.o(i.HAL_PCD_DisconnectCallback)
    i.HAL_PCD_EP_Close                       0x080006c0   Section        0  stm32f4xx_hal_pcd.o(i.HAL_PCD_EP_Close)
    i.HAL_PCD_EP_ClrStall                    0x0800070c   Section        0  stm32f4xx_hal_pcd.o(i.HAL_PCD_EP_ClrStall)
    i.HAL_PCD_EP_Flush                       0x08000768   Section        0  stm32f4xx_hal_pcd.o(i.HAL_PCD_EP_Flush)
    i.HAL_PCD_EP_GetRxCount                  0x0800079c   Section        0  stm32f4xx_hal_pcd.o(i.HAL_PCD_EP_GetRxCount)
    i.HAL_PCD_EP_Open                        0x080007ae   Section        0  stm32f4xx_hal_pcd.o(i.HAL_PCD_EP_Open)
    i.HAL_PCD_EP_Receive                     0x0800080e   Section        0  stm32f4xx_hal_pcd.o(i.HAL_PCD_EP_Receive)
    i.HAL_PCD_EP_SetStall                    0x08000856   Section        0  stm32f4xx_hal_pcd.o(i.HAL_PCD_EP_SetStall)
    i.HAL_PCD_EP_Transmit                    0x080008ca   Section        0  stm32f4xx_hal_pcd.o(i.HAL_PCD_EP_Transmit)
    i.HAL_PCD_IRQHandler                     0x0800090c   Section        0  stm32f4xx_hal_pcd.o(i.HAL_PCD_IRQHandler)
    i.HAL_PCD_ISOINIncompleteCallback        0x08000d40   Section        0  usbd_conf.o(i.HAL_PCD_ISOINIncompleteCallback)
    i.HAL_PCD_ISOOUTIncompleteCallback       0x08000d48   Section        0  usbd_conf.o(i.HAL_PCD_ISOOUTIncompleteCallback)
    i.HAL_PCD_Init                           0x08000d50   Section        0  stm32f4xx_hal_pcd.o(i.HAL_PCD_Init)
    i.HAL_PCD_MspInit                        0x08000e34   Section        0  usbd_conf.o(i.HAL_PCD_MspInit)
    i.HAL_PCD_ResetCallback                  0x08000eb8   Section        0  usbd_conf.o(i.HAL_PCD_ResetCallback)
    i.HAL_PCD_ResumeCallback                 0x08000ede   Section        0  usbd_conf.o(i.HAL_PCD_ResumeCallback)
    i.HAL_PCD_SOFCallback                    0x08000ee6   Section        0  usbd_conf.o(i.HAL_PCD_SOFCallback)
    i.HAL_PCD_SetAddress                     0x08000eee   Section        0  stm32f4xx_hal_pcd.o(i.HAL_PCD_SetAddress)
    i.HAL_PCD_SetupStageCallback             0x08000f16   Section        0  usbd_conf.o(i.HAL_PCD_SetupStageCallback)
    i.HAL_PCD_Start                          0x08000f24   Section        0  stm32f4xx_hal_pcd.o(i.HAL_PCD_Start)
    i.HAL_PCD_SuspendCallback                0x08000f68   Section        0  usbd_conf.o(i.HAL_PCD_SuspendCallback)
    i.HAL_RCC_ClockConfig                    0x08000f98   Section        0  stm32f4xx_hal_rcc.o(i.HAL_RCC_ClockConfig)
    i.HAL_RCC_GetHCLKFreq                    0x080010cc   Section        0  stm32f4xx_hal_rcc.o(i.HAL_RCC_GetHCLKFreq)
    i.HAL_RCC_GetSysClockFreq                0x080010d8   Section        0  stm32f4xx_hal_rcc.o(i.HAL_RCC_GetSysClockFreq)
    i.HAL_RCC_OscConfig                      0x0800113c   Section        0  stm32f4xx_hal_rcc.o(i.HAL_RCC_OscConfig)
    i.HAL_SPI_Init                           0x08001498   Section        0  stm32f4xx_hal_spi.o(i.HAL_SPI_Init)
    i.HAL_SPI_MspInit                        0x08001518   Section        0  spi.o(i.HAL_SPI_MspInit)
    i.HAL_SPI_Receive                        0x08001580   Section        0  stm32f4xx_hal_spi.o(i.HAL_SPI_Receive)
    i.HAL_SPI_Transmit                       0x080016d0   Section        0  stm32f4xx_hal_spi.o(i.HAL_SPI_Transmit)
    i.HAL_SPI_TransmitReceive                0x0800182c   Section        0  stm32f4xx_hal_spi.o(i.HAL_SPI_TransmitReceive)
    i.HAL_SYSTICK_Config                     0x08001a0e   Section        0  stm32f4xx_hal_cortex.o(i.HAL_SYSTICK_Config)
    i.HardFault_Handler                      0x08001a36   Section        0  stm32f4xx_it.o(i.HardFault_Handler)
    i.IntToUnicode                           0x08001a38   Section        0  usbd_desc.o(i.IntToUnicode)
    IntToUnicode                             0x08001a39   Thumb Code    56  usbd_desc.o(i.IntToUnicode)
    i.MSC_BOT_Abort                          0x08001a70   Section        0  usbd_msc_bot.o(i.MSC_BOT_Abort)
    MSC_BOT_Abort                            0x08001a71   Thumb Code    68  usbd_msc_bot.o(i.MSC_BOT_Abort)
    i.MSC_BOT_CBW_Decode                     0x08001ab4   Section        0  usbd_msc_bot.o(i.MSC_BOT_CBW_Decode)
    MSC_BOT_CBW_Decode                       0x08001ab5   Thumb Code   186  usbd_msc_bot.o(i.MSC_BOT_CBW_Decode)
    i.MSC_BOT_CplClrFeature                  0x08001b74   Section        0  usbd_msc_bot.o(i.MSC_BOT_CplClrFeature)
    i.MSC_BOT_DataIn                         0x08001bac   Section        0  usbd_msc_bot.o(i.MSC_BOT_DataIn)
    i.MSC_BOT_DataOut                        0x08001be8   Section        0  usbd_msc_bot.o(i.MSC_BOT_DataOut)
    i.MSC_BOT_DeInit                         0x08001c24   Section        0  usbd_msc_bot.o(i.MSC_BOT_DeInit)
    i.MSC_BOT_Init                           0x08001c2e   Section        0  usbd_msc_bot.o(i.MSC_BOT_Init)
    i.MSC_BOT_Reset                          0x08001c78   Section        0  usbd_msc_bot.o(i.MSC_BOT_Reset)
    i.MSC_BOT_SendCSW                        0x08001cac   Section        0  usbd_msc_bot.o(i.MSC_BOT_SendCSW)
    i.MX_GPIO_Init                           0x08001cec   Section        0  gpio.o(i.MX_GPIO_Init)
    i.MX_SPI1_Init                           0x08001d7c   Section        0  spi.o(i.MX_SPI1_Init)
    i.MX_USB_DEVICE_Init                     0x08001dc4   Section        0  usb_device.o(i.MX_USB_DEVICE_Init)
    i.MemManage_Handler                      0x08001e18   Section        0  stm32f4xx_it.o(i.MemManage_Handler)
    i.NMI_Handler                            0x08001e1a   Section        0  stm32f4xx_it.o(i.NMI_Handler)
    i.OTG_FS_IRQHandler                      0x08001e1c   Section        0  stm32f4xx_it.o(i.OTG_FS_IRQHandler)
    i.PCD_EP_OutXfrComplete_int              0x08001e28   Section        0  stm32f4xx_hal_pcd.o(i.PCD_EP_OutXfrComplete_int)
    PCD_EP_OutXfrComplete_int                0x08001e29   Thumb Code   196  stm32f4xx_hal_pcd.o(i.PCD_EP_OutXfrComplete_int)
    i.PCD_WriteEmptyTxFifo                   0x08001ef4   Section        0  stm32f4xx_hal_pcd.o(i.PCD_WriteEmptyTxFifo)
    PCD_WriteEmptyTxFifo                     0x08001ef5   Thumb Code   162  stm32f4xx_hal_pcd.o(i.PCD_WriteEmptyTxFifo)
    i.PendSV_Handler                         0x08001f96   Section        0  stm32f4xx_it.o(i.PendSV_Handler)
    i.SCSI_CheckAddressRange                 0x08001f98   Section        0  usbd_msc_scsi.o(i.SCSI_CheckAddressRange)
    SCSI_CheckAddressRange                   0x08001f99   Thumb Code    36  usbd_msc_scsi.o(i.SCSI_CheckAddressRange)
    i.SCSI_Inquiry                           0x08001fbc   Section        0  usbd_msc_scsi.o(i.SCSI_Inquiry)
    SCSI_Inquiry                             0x08001fbd   Thumb Code   104  usbd_msc_scsi.o(i.SCSI_Inquiry)
    i.SCSI_ProcessCmd                        0x0800202c   Section        0  usbd_msc_scsi.o(i.SCSI_ProcessCmd)
    i.SCSI_ProcessRead                       0x080021d8   Section        0  usbd_msc_scsi.o(i.SCSI_ProcessRead)
    SCSI_ProcessRead                         0x080021d9   Thumb Code   138  usbd_msc_scsi.o(i.SCSI_ProcessRead)
    i.SCSI_ProcessWrite                      0x08002262   Section        0  usbd_msc_scsi.o(i.SCSI_ProcessWrite)
    SCSI_ProcessWrite                        0x08002263   Thumb Code   148  usbd_msc_scsi.o(i.SCSI_ProcessWrite)
    i.SCSI_Read10                            0x080022f6   Section        0  usbd_msc_scsi.o(i.SCSI_Read10)
    SCSI_Read10                              0x080022f7   Thumb Code   160  usbd_msc_scsi.o(i.SCSI_Read10)
    i.SCSI_Read12                            0x08002396   Section        0  usbd_msc_scsi.o(i.SCSI_Read12)
    SCSI_Read12                              0x08002397   Thumb Code   166  usbd_msc_scsi.o(i.SCSI_Read12)
    i.SCSI_ReadCapacity10                    0x0800243c   Section        0  usbd_msc_scsi.o(i.SCSI_ReadCapacity10)
    SCSI_ReadCapacity10                      0x0800243d   Thumb Code   100  usbd_msc_scsi.o(i.SCSI_ReadCapacity10)
    i.SCSI_ReadCapacity16                    0x080024a0   Section        0  usbd_msc_scsi.o(i.SCSI_ReadCapacity16)
    SCSI_ReadCapacity16                      0x080024a1   Thumb Code   152  usbd_msc_scsi.o(i.SCSI_ReadCapacity16)
    i.SCSI_ReadFormatCapacity                0x08002538   Section        0  usbd_msc_scsi.o(i.SCSI_ReadFormatCapacity)
    SCSI_ReadFormatCapacity                  0x08002539   Thumb Code   112  usbd_msc_scsi.o(i.SCSI_ReadFormatCapacity)
    i.SCSI_RequestSense                      0x080025a8   Section        0  usbd_msc_scsi.o(i.SCSI_RequestSense)
    SCSI_RequestSense                        0x080025a9   Thumb Code   120  usbd_msc_scsi.o(i.SCSI_RequestSense)
    i.SCSI_SenseCode                         0x08002620   Section        0  usbd_msc_scsi.o(i.SCSI_SenseCode)
    i.SCSI_UpdateBotData                     0x08002672   Section        0  usbd_msc_scsi.o(i.SCSI_UpdateBotData)
    SCSI_UpdateBotData                       0x08002673   Thumb Code    24  usbd_msc_scsi.o(i.SCSI_UpdateBotData)
    i.SCSI_Write10                           0x0800268a   Section        0  usbd_msc_scsi.o(i.SCSI_Write10)
    SCSI_Write10                             0x0800268b   Thumb Code   184  usbd_msc_scsi.o(i.SCSI_Write10)
    i.SCSI_Write12                           0x08002742   Section        0  usbd_msc_scsi.o(i.SCSI_Write12)
    SCSI_Write12                             0x08002743   Thumb Code   202  usbd_msc_scsi.o(i.SCSI_Write12)
    i.SPI_EndRxTransaction                   0x0800280c   Section        0  stm32f4xx_hal_spi.o(i.SPI_EndRxTransaction)
    SPI_EndRxTransaction                     0x0800280d   Thumb Code    92  stm32f4xx_hal_spi.o(i.SPI_EndRxTransaction)
    i.SPI_EndRxTxTransaction                 0x08002868   Section        0  stm32f4xx_hal_spi.o(i.SPI_EndRxTxTransaction)
    SPI_EndRxTxTransaction                   0x08002869   Thumb Code    80  stm32f4xx_hal_spi.o(i.SPI_EndRxTxTransaction)
    i.SPI_WaitFlagStateUntilTimeout          0x080028c0   Section        0  stm32f4xx_hal_spi.o(i.SPI_WaitFlagStateUntilTimeout)
    SPI_WaitFlagStateUntilTimeout            0x080028c1   Thumb Code   148  stm32f4xx_hal_spi.o(i.SPI_WaitFlagStateUntilTimeout)
    i.STORAGE_GetCapacity_FS                 0x08002954   Section        0  usbd_storage_if.o(i.STORAGE_GetCapacity_FS)
    STORAGE_GetCapacity_FS                   0x08002955   Thumb Code    14  usbd_storage_if.o(i.STORAGE_GetCapacity_FS)
    i.STORAGE_GetMaxLun_FS                   0x08002962   Section        0  usbd_storage_if.o(i.STORAGE_GetMaxLun_FS)
    STORAGE_GetMaxLun_FS                     0x08002963   Thumb Code     4  usbd_storage_if.o(i.STORAGE_GetMaxLun_FS)
    i.STORAGE_Init_FS                        0x08002966   Section        0  usbd_storage_if.o(i.STORAGE_Init_FS)
    STORAGE_Init_FS                          0x08002967   Thumb Code     4  usbd_storage_if.o(i.STORAGE_Init_FS)
    i.STORAGE_IsReady_FS                     0x0800296a   Section        0  usbd_storage_if.o(i.STORAGE_IsReady_FS)
    STORAGE_IsReady_FS                       0x0800296b   Thumb Code     4  usbd_storage_if.o(i.STORAGE_IsReady_FS)
    i.STORAGE_IsWriteProtected_FS            0x0800296e   Section        0  usbd_storage_if.o(i.STORAGE_IsWriteProtected_FS)
    STORAGE_IsWriteProtected_FS              0x0800296f   Thumb Code     4  usbd_storage_if.o(i.STORAGE_IsWriteProtected_FS)
    i.STORAGE_Read_FS                        0x08002972   Section        0  usbd_storage_if.o(i.STORAGE_Read_FS)
    STORAGE_Read_FS                          0x08002973   Thumb Code    20  usbd_storage_if.o(i.STORAGE_Read_FS)
    i.STORAGE_Write_FS                       0x08002986   Section        0  usbd_storage_if.o(i.STORAGE_Write_FS)
    STORAGE_Write_FS                         0x08002987   Thumb Code    30  usbd_storage_if.o(i.STORAGE_Write_FS)
    i.SVC_Handler                            0x080029a4   Section        0  stm32f4xx_it.o(i.SVC_Handler)
    i.SWAPBYTE                               0x080029a6   Section        0  usbd_ctlreq.o(i.SWAPBYTE)
    SWAPBYTE                                 0x080029a7   Thumb Code    10  usbd_ctlreq.o(i.SWAPBYTE)
    i.SysTick_Handler                        0x080029b0   Section        0  stm32f4xx_it.o(i.SysTick_Handler)
    i.SystemClock_Config                     0x080029b4   Section        0  main.o(i.SystemClock_Config)
    i.SystemInit                             0x08002a34   Section        0  system_stm32f4xx.o(i.SystemInit)
    i.USBD_ClrClassConfig                    0x08002a50   Section        0  usbd_core.o(i.USBD_ClrClassConfig)
    i.USBD_CtlContinueRx                     0x08002a60   Section        0  usbd_ioreq.o(i.USBD_CtlContinueRx)
    i.USBD_CtlContinueSendData               0x08002a70   Section        0  usbd_ioreq.o(i.USBD_CtlContinueSendData)
    i.USBD_CtlError                          0x08002a80   Section        0  usbd_ctlreq.o(i.USBD_CtlError)
    i.USBD_CtlReceiveStatus                  0x08002a96   Section        0  usbd_ioreq.o(i.USBD_CtlReceiveStatus)
    i.USBD_CtlSendData                       0x08002aac   Section        0  usbd_ioreq.o(i.USBD_CtlSendData)
    i.USBD_CtlSendStatus                     0x08002ac6   Section        0  usbd_ioreq.o(i.USBD_CtlSendStatus)
    i.USBD_FS_ConfigStrDescriptor            0x08002adc   Section        0  usbd_desc.o(i.USBD_FS_ConfigStrDescriptor)
    i.USBD_FS_DeviceDescriptor               0x08002afc   Section        0  usbd_desc.o(i.USBD_FS_DeviceDescriptor)
    i.USBD_FS_InterfaceStrDescriptor         0x08002b08   Section        0  usbd_desc.o(i.USBD_FS_InterfaceStrDescriptor)
    i.USBD_FS_LangIDStrDescriptor            0x08002b2c   Section        0  usbd_desc.o(i.USBD_FS_LangIDStrDescriptor)
    i.USBD_FS_ManufacturerStrDescriptor      0x08002b38   Section        0  usbd_desc.o(i.USBD_FS_ManufacturerStrDescriptor)
    i.USBD_FS_ProductStrDescriptor           0x08002b60   Section        0  usbd_desc.o(i.USBD_FS_ProductStrDescriptor)
    i.USBD_FS_SerialStrDescriptor            0x08002b88   Section        0  usbd_desc.o(i.USBD_FS_SerialStrDescriptor)
    i.USBD_GetDescriptor                     0x08002bc0   Section        0  usbd_ctlreq.o(i.USBD_GetDescriptor)
    USBD_GetDescriptor                       0x08002bc1   Thumb Code   230  usbd_ctlreq.o(i.USBD_GetDescriptor)
    i.USBD_GetString                         0x08002ca6   Section        0  usbd_ctlreq.o(i.USBD_GetString)
    i.USBD_Get_USB_Status                    0x08002cee   Section        0  usbd_conf.o(i.USBD_Get_USB_Status)
    i.USBD_Init                              0x08002d06   Section        0  usbd_core.o(i.USBD_Init)
    i.USBD_LL_ClearStallEP                   0x08002d3a   Section        0  usbd_conf.o(i.USBD_LL_ClearStallEP)
    i.USBD_LL_CloseEP                        0x08002d4c   Section        0  usbd_conf.o(i.USBD_LL_CloseEP)
    i.USBD_LL_DataInStage                    0x08002d5e   Section        0  usbd_core.o(i.USBD_LL_DataInStage)
    i.USBD_LL_DataOutStage                   0x08002e08   Section        0  usbd_core.o(i.USBD_LL_DataOutStage)
    i.USBD_LL_DevConnected                   0x08002e76   Section        0  usbd_core.o(i.USBD_LL_DevConnected)
    i.USBD_LL_DevDisconnected                0x08002e7a   Section        0  usbd_core.o(i.USBD_LL_DevDisconnected)
    i.USBD_LL_FlushEP                        0x08002e92   Section        0  usbd_conf.o(i.USBD_LL_FlushEP)
    i.USBD_LL_GetRxDataSize                  0x08002ea4   Section        0  usbd_conf.o(i.USBD_LL_GetRxDataSize)
    i.USBD_LL_Init                           0x08002eac   Section        0  usbd_conf.o(i.USBD_LL_Init)
    i.USBD_LL_IsStallEP                      0x08002f0c   Section        0  usbd_conf.o(i.USBD_LL_IsStallEP)
    i.USBD_LL_IsoINIncomplete                0x08002f2c   Section        0  usbd_core.o(i.USBD_LL_IsoINIncomplete)
    i.USBD_LL_IsoOUTIncomplete               0x08002f30   Section        0  usbd_core.o(i.USBD_LL_IsoOUTIncomplete)
    i.USBD_LL_OpenEP                         0x08002f34   Section        0  usbd_conf.o(i.USBD_LL_OpenEP)
    i.USBD_LL_PrepareReceive                 0x08002f4c   Section        0  usbd_conf.o(i.USBD_LL_PrepareReceive)
    i.USBD_LL_Reset                          0x08002f5e   Section        0  usbd_core.o(i.USBD_LL_Reset)
    i.USBD_LL_Resume                         0x08002fb0   Section        0  usbd_core.o(i.USBD_LL_Resume)
    i.USBD_LL_SOF                            0x08002fc4   Section        0  usbd_core.o(i.USBD_LL_SOF)
    i.USBD_LL_SetSpeed                       0x08002fdc   Section        0  usbd_core.o(i.USBD_LL_SetSpeed)
    i.USBD_LL_SetUSBAddress                  0x08002fe2   Section        0  usbd_conf.o(i.USBD_LL_SetUSBAddress)
    i.USBD_LL_SetupStage                     0x08002ff4   Section        0  usbd_core.o(i.USBD_LL_SetupStage)
    i.USBD_LL_StallEP                        0x08003054   Section        0  usbd_conf.o(i.USBD_LL_StallEP)
    i.USBD_LL_Start                          0x08003066   Section        0  usbd_conf.o(i.USBD_LL_Start)
    i.USBD_LL_Suspend                        0x08003078   Section        0  usbd_core.o(i.USBD_LL_Suspend)
    i.USBD_LL_Transmit                       0x0800308a   Section        0  usbd_conf.o(i.USBD_LL_Transmit)
    i.USBD_MSC_DataIn                        0x0800309c   Section        0  usbd_msc.o(i.USBD_MSC_DataIn)
    i.USBD_MSC_DataOut                       0x080030a6   Section        0  usbd_msc.o(i.USBD_MSC_DataOut)
    i.USBD_MSC_DeInit                        0x080030b0   Section        0  usbd_msc.o(i.USBD_MSC_DeInit)
    i.USBD_MSC_GetDeviceQualifierDescriptor  0x080030e4   Section        0  usbd_msc.o(i.USBD_MSC_GetDeviceQualifierDescriptor)
    i.USBD_MSC_GetFSCfgDesc                  0x080030f0   Section        0  usbd_msc.o(i.USBD_MSC_GetFSCfgDesc)
    i.USBD_MSC_GetHSCfgDesc                  0x080030fc   Section        0  usbd_msc.o(i.USBD_MSC_GetHSCfgDesc)
    i.USBD_MSC_GetOtherSpeedCfgDesc          0x08003108   Section        0  usbd_msc.o(i.USBD_MSC_GetOtherSpeedCfgDesc)
    i.USBD_MSC_Init                          0x08003114   Section        0  usbd_msc.o(i.USBD_MSC_Init)
    i.USBD_MSC_RegisterStorage               0x08003176   Section        0  usbd_msc.o(i.USBD_MSC_RegisterStorage)
    i.USBD_MSC_Setup                         0x08003184   Section        0  usbd_msc.o(i.USBD_MSC_Setup)
    i.USBD_ParseSetupRequest                 0x08003250   Section        0  usbd_ctlreq.o(i.USBD_ParseSetupRequest)
    i.USBD_RegisterClass                     0x0800327c   Section        0  usbd_core.o(i.USBD_RegisterClass)
    i.USBD_SetClassConfig                    0x0800329e   Section        0  usbd_core.o(i.USBD_SetClassConfig)
    i.USBD_SetConfig                         0x080032b4   Section        0  usbd_ctlreq.o(i.USBD_SetConfig)
    USBD_SetConfig                           0x080032b5   Thumb Code   182  usbd_ctlreq.o(i.USBD_SetConfig)
    i.USBD_Start                             0x08003370   Section        0  usbd_core.o(i.USBD_Start)
    i.USBD_StdDevReq                         0x08003374   Section        0  usbd_ctlreq.o(i.USBD_StdDevReq)
    i.USBD_StdEPReq                          0x08003488   Section        0  usbd_ctlreq.o(i.USBD_StdEPReq)
    i.USBD_StdItfReq                         0x080035d4   Section        0  usbd_ctlreq.o(i.USBD_StdItfReq)
    i.USB_ActivateEndpoint                   0x08003628   Section        0  stm32f4xx_ll_usb.o(i.USB_ActivateEndpoint)
    i.USB_ActivateSetup                      0x080036a8   Section        0  stm32f4xx_ll_usb.o(i.USB_ActivateSetup)
    i.USB_CoreInit                           0x080036c4   Section        0  stm32f4xx_ll_usb.o(i.USB_CoreInit)
    i.USB_CoreReset                          0x08003738   Section        0  stm32f4xx_ll_usb.o(i.USB_CoreReset)
    USB_CoreReset                            0x08003739   Thumb Code    50  stm32f4xx_ll_usb.o(i.USB_CoreReset)
    i.USB_DeactivateEndpoint                 0x08003770   Section        0  stm32f4xx_ll_usb.o(i.USB_DeactivateEndpoint)
    i.USB_DevConnect                         0x0800383c   Section        0  stm32f4xx_ll_usb.o(i.USB_DevConnect)
    i.USB_DevDisconnect                      0x08003858   Section        0  stm32f4xx_ll_usb.o(i.USB_DevDisconnect)
    i.USB_DevInit                            0x08003874   Section        0  stm32f4xx_ll_usb.o(i.USB_DevInit)
    i.USB_DisableGlobalInt                   0x080039e8   Section        0  stm32f4xx_ll_usb.o(i.USB_DisableGlobalInt)
    i.USB_EP0StartXfer                       0x080039f4   Section        0  stm32f4xx_ll_usb.o(i.USB_EP0StartXfer)
    i.USB_EP0_OutStart                       0x08003b0c   Section        0  stm32f4xx_ll_usb.o(i.USB_EP0_OutStart)
    i.USB_EPClearStall                       0x08003b64   Section        0  stm32f4xx_ll_usb.o(i.USB_EPClearStall)
    i.USB_EPSetStall                         0x08003bbc   Section        0  stm32f4xx_ll_usb.o(i.USB_EPSetStall)
    i.USB_EPStartXfer                        0x08003c14   Section        0  stm32f4xx_ll_usb.o(i.USB_EPStartXfer)
    i.USB_EnableGlobalInt                    0x08003dfc   Section        0  stm32f4xx_ll_usb.o(i.USB_EnableGlobalInt)
    i.USB_FlushRxFifo                        0x08003e08   Section        0  stm32f4xx_ll_usb.o(i.USB_FlushRxFifo)
    i.USB_FlushTxFifo                        0x08003e28   Section        0  stm32f4xx_ll_usb.o(i.USB_FlushTxFifo)
    i.USB_GetDevSpeed                        0x08003e4c   Section        0  stm32f4xx_ll_usb.o(i.USB_GetDevSpeed)
    i.USB_GetMode                            0x08003e66   Section        0  stm32f4xx_ll_usb.o(i.USB_GetMode)
    i.USB_ReadDevAllInEpInterrupt            0x08003e6e   Section        0  stm32f4xx_ll_usb.o(i.USB_ReadDevAllInEpInterrupt)
    i.USB_ReadDevAllOutEpInterrupt           0x08003e7c   Section        0  stm32f4xx_ll_usb.o(i.USB_ReadDevAllOutEpInterrupt)
    i.USB_ReadDevInEPInterrupt               0x08003e8a   Section        0  stm32f4xx_ll_usb.o(i.USB_ReadDevInEPInterrupt)
    i.USB_ReadDevOutEPInterrupt              0x08003eae   Section        0  stm32f4xx_ll_usb.o(i.USB_ReadDevOutEPInterrupt)
    i.USB_ReadInterrupts                     0x08003ebe   Section        0  stm32f4xx_ll_usb.o(i.USB_ReadInterrupts)
    i.USB_ReadPacket                         0x08003ec6   Section        0  stm32f4xx_ll_usb.o(i.USB_ReadPacket)
    i.USB_SetCurrentMode                     0x08003ee2   Section        0  stm32f4xx_ll_usb.o(i.USB_SetCurrentMode)
    i.USB_SetDevAddress                      0x08003f10   Section        0  stm32f4xx_ll_usb.o(i.USB_SetDevAddress)
    i.USB_SetTurnaroundTime                  0x08003f34   Section        0  stm32f4xx_ll_usb.o(i.USB_SetTurnaroundTime)
    i.USB_WritePacket                        0x0800401c   Section        0  stm32f4xx_ll_usb.o(i.USB_WritePacket)
    i.UsageFault_Handler                     0x08004040   Section        0  stm32f4xx_it.o(i.UsageFault_Handler)
    i.W25qxx_EraseSector                     0x08004044   Section        0  w25qxx.o(i.W25qxx_EraseSector)
    i.W25qxx_Init                            0x080040c4   Section        0  w25qxx.o(i.W25qxx_Init)
    i.W25qxx_ReadID                          0x080041a8   Section        0  w25qxx.o(i.W25qxx_ReadID)
    i.W25qxx_ReadPage                        0x080041f0   Section        0  w25qxx.o(i.W25qxx_ReadPage)
    i.W25qxx_ReadSector                      0x08004298   Section        0  w25qxx.o(i.W25qxx_ReadSector)
    i.W25qxx_ReadStatusRegister              0x080042fc   Section        0  w25qxx.o(i.W25qxx_ReadStatusRegister)
    i.W25qxx_ReadUniqID                      0x08004368   Section        0  w25qxx.o(i.W25qxx_ReadUniqID)
    i.W25qxx_SectorToPage                    0x080043b8   Section        0  w25qxx.o(i.W25qxx_SectorToPage)
    i.W25qxx_Spi                             0x080043cc   Section        0  w25qxx.o(i.W25qxx_Spi)
    i.W25qxx_WaitForWriteEnd                 0x080043ec   Section        0  w25qxx.o(i.W25qxx_WaitForWriteEnd)
    i.W25qxx_WriteEnable                     0x08004438   Section        0  w25qxx.o(i.W25qxx_WriteEnable)
    i.W25qxx_WritePage                       0x08004464   Section        0  w25qxx.o(i.W25qxx_WritePage)
    i.W25qxx_WriteSector                     0x08004518   Section        0  w25qxx.o(i.W25qxx_WriteSector)
    i.__NVIC_SetPriority                     0x0800457c   Section        0  stm32f4xx_hal_cortex.o(i.__NVIC_SetPriority)
    __NVIC_SetPriority                       0x0800457d   Thumb Code    32  stm32f4xx_hal_cortex.o(i.__NVIC_SetPriority)
    i.__scatterload_copy                     0x0800459c   Section       14  handlers.o(i.__scatterload_copy)
    i.__scatterload_null                     0x080045aa   Section        2  handlers.o(i.__scatterload_null)
    i.__scatterload_zeroinit                 0x080045ac   Section       14  handlers.o(i.__scatterload_zeroinit)
    i.free                                   0x080045bc   Section        0  malloc.o(i.free)
    i.main                                   0x0800460c   Section        0  main.o(i.main)
    i.malloc                                 0x08004628   Section        0  malloc.o(i.malloc)
    .constdata                               0x08004694   Section       36  usbd_storage_if.o(.constdata)
    .constdata                               0x080046b8   Section       16  system_stm32f4xx.o(.constdata)
    .data                                    0x20000000   Section       28  usbd_desc.o(.data)
    .data                                    0x2000001c   Section       50  usbd_desc.o(.data)
    .data                                    0x20000050   Section       32  usbd_storage_if.o(.data)
    .data                                    0x20000070   Section       12  stm32f4xx_hal.o(.data)
    .data                                    0x2000007c   Section        4  system_stm32f4xx.o(.data)
    .data                                    0x20000080   Section        1  usbd_ctlreq.o(.data)
    cfgidx                                   0x20000080   Data           1  usbd_ctlreq.o(.data)
    .data                                    0x20000084   Section       56  usbd_msc.o(.data)
    .data                                    0x200000bc   Section      106  usbd_msc.o(.data)
    USBD_MSC_CfgHSDesc                       0x200000bc   Data          32  usbd_msc.o(.data)
    USBD_MSC_CfgFSDesc                       0x200000dc   Data          32  usbd_msc.o(.data)
    USBD_MSC_OtherSpeedCfgDesc               0x200000fc   Data          32  usbd_msc.o(.data)
    USBD_MSC_DeviceQualifierDesc             0x2000011c   Data          10  usbd_msc.o(.data)
    .data                                    0x20000126   Section        6  usbd_msc_data.o(.data)
    .data                                    0x2000012c   Section        8  usbd_msc_data.o(.data)
    .data                                    0x20000134   Section       23  usbd_msc_data.o(.data)
    .data                                    0x2000014b   Section       27  usbd_msc_data.o(.data)
    .data                                    0x20000168   Section        4  mvars.o(.data)
    .data                                    0x2000016c   Section        4  mvars.o(.data)
    .bss                                     0x20000170   Section       88  spi.o(.bss)
    .bss                                     0x200001c8   Section      720  usb_device.o(.bss)
    .bss                                     0x20000498   Section     1032  usbd_conf.o(.bss)
    .bss                                     0x200008a0   Section      512  usbd_desc.o(.bss)
    .bss                                     0x20000aa0   Section       40  w25qxx.o(.bss)
    HEAP                                     0x20000ac8   Section      512  startup_stm32f411xe.o(HEAP)
    STACK                                    0x20000cc8   Section     1024  startup_stm32f411xe.o(STACK)

    Global Symbols

    Symbol Name                              Value     Ov Type        Size  Object(Section)

    BuildAttributes$$THM_ISAv4$E$P$D$K$B$S$7EM$VFPi3$EXTD16$VFPS$VFMA$PE$A:L22UL41UL21$X:L11$S22US41US21$IEEE1$IW$USESV6$~STKCKD$USESV7$~SHL$OSPACE$EBA8$MICROLIB$REQ8$PRES8$EABIv2 0x00000000   Number         0  anon$$obj.o ABSOLUTE
    __ARM_use_no_argv                        0x00000000   Number         0  main.o ABSOLUTE
    __cpp_initialize__aeabi_                  - Undefined Weak Reference
    __cxa_finalize                            - Undefined Weak Reference
    _clock_init                               - Undefined Weak Reference
    _microlib_exit                            - Undefined Weak Reference
    __Vectors_Size                           0x00000198   Number         0  startup_stm32f411xe.o ABSOLUTE
    __Vectors                                0x08000000   Data           4  startup_stm32f411xe.o(RESET)
    __Vectors_End                            0x08000198   Data           0  startup_stm32f411xe.o(RESET)
    __main                                   0x08000199   Thumb Code     0  entry.o(.ARM.Collect$$$$00000000)
    _main_stk                                0x08000199   Thumb Code     0  entry2.o(.ARM.Collect$$$$00000001)
    _main_scatterload                        0x0800019d   Thumb Code     0  entry5.o(.ARM.Collect$$$$00000004)
    __main_after_scatterload                 0x080001a1   Thumb Code     0  entry5.o(.ARM.Collect$$$$00000004)
    _main_clock                              0x080001a1   Thumb Code     0  entry7b.o(.ARM.Collect$$$$00000008)
    _main_cpp_init                           0x080001a1   Thumb Code     0  entry8b.o(.ARM.Collect$$$$0000000A)
    _main_init                               0x080001a1   Thumb Code     0  entry9a.o(.ARM.Collect$$$$0000000B)
    __rt_final_cpp                           0x080001a9   Thumb Code     0  entry10a.o(.ARM.Collect$$$$0000000D)
    __rt_final_exit                          0x080001a9   Thumb Code     0  entry11a.o(.ARM.Collect$$$$0000000F)
    Reset_Handler                            0x080001ad   Thumb Code     8  startup_stm32f411xe.o(.text)
    ADC_IRQHandler                           0x080001c7   Thumb Code     0  startup_stm32f411xe.o(.text)
    DMA1_Stream0_IRQHandler                  0x080001c7   Thumb Code     0  startup_stm32f411xe.o(.text)
    DMA1_Stream1_IRQHandler                  0x080001c7   Thumb Code     0  startup_stm32f411xe.o(.text)
    DMA1_Stream2_IRQHandler                  0x080001c7   Thumb Code     0  startup_stm32f411xe.o(.text)
    DMA1_Stream3_IRQHandler                  0x080001c7   Thumb Code     0  startup_stm32f411xe.o(.text)
    DMA1_Stream4_IRQHandler                  0x080001c7   Thumb Code     0  startup_stm32f411xe.o(.text)
    DMA1_Stream5_IRQHandler                  0x080001c7   Thumb Code     0  startup_stm32f411xe.o(.text)
    DMA1_Stream6_IRQHandler                  0x080001c7   Thumb Code     0  startup_stm32f411xe.o(.text)
    DMA1_Stream7_IRQHandler                  0x080001c7   Thumb Code     0  startup_stm32f411xe.o(.text)
    DMA2_Stream0_IRQHandler                  0x080001c7   Thumb Code     0  startup_stm32f411xe.o(.text)
    DMA2_Stream1_IRQHandler                  0x080001c7   Thumb Code     0  startup_stm32f411xe.o(.text)
    DMA2_Stream2_IRQHandler                  0x080001c7   Thumb Code     0  startup_stm32f411xe.o(.text)
    DMA2_Stream3_IRQHandler                  0x080001c7   Thumb Code     0  startup_stm32f411xe.o(.text)
    DMA2_Stream4_IRQHandler                  0x080001c7   Thumb Code     0  startup_stm32f411xe.o(.text)
    DMA2_Stream5_IRQHandler                  0x080001c7   Thumb Code     0  startup_stm32f411xe.o(.text)
    DMA2_Stream6_IRQHandler                  0x080001c7   Thumb Code     0  startup_stm32f411xe.o(.text)
    DMA2_Stream7_IRQHandler                  0x080001c7   Thumb Code     0  startup_stm32f411xe.o(.text)
    EXTI0_IRQHandler                         0x080001c7   Thumb Code     0  startup_stm32f411xe.o(.text)
    EXTI15_10_IRQHandler                     0x080001c7   Thumb Code     0  startup_stm32f411xe.o(.text)
    EXTI1_IRQHandler                         0x080001c7   Thumb Code     0  startup_stm32f411xe.o(.text)
    EXTI2_IRQHandler                         0x080001c7   Thumb Code     0  startup_stm32f411xe.o(.text)
    EXTI3_IRQHandler                         0x080001c7   Thumb Code     0  startup_stm32f411xe.o(.text)
    EXTI4_IRQHandler                         0x080001c7   Thumb Code     0  startup_stm32f411xe.o(.text)
    EXTI9_5_IRQHandler                       0x080001c7   Thumb Code     0  startup_stm32f411xe.o(.text)
    FLASH_IRQHandler                         0x080001c7   Thumb Code     0  startup_stm32f411xe.o(.text)
    FPU_IRQHandler                           0x080001c7   Thumb Code     0  startup_stm32f411xe.o(.text)
    I2C1_ER_IRQHandler                       0x080001c7   Thumb Code     0  startup_stm32f411xe.o(.text)
    I2C1_EV_IRQHandler                       0x080001c7   Thumb Code     0  startup_stm32f411xe.o(.text)
    I2C2_ER_IRQHandler                       0x080001c7   Thumb Code     0  startup_stm32f411xe.o(.text)
    I2C2_EV_IRQHandler                       0x080001c7   Thumb Code     0  startup_stm32f411xe.o(.text)
    I2C3_ER_IRQHandler                       0x080001c7   Thumb Code     0  startup_stm32f411xe.o(.text)
    I2C3_EV_IRQHandler                       0x080001c7   Thumb Code     0  startup_stm32f411xe.o(.text)
    OTG_FS_WKUP_IRQHandler                   0x080001c7   Thumb Code     0  startup_stm32f411xe.o(.text)
    PVD_IRQHandler                           0x080001c7   Thumb Code     0  startup_stm32f411xe.o(.text)
    RCC_IRQHandler                           0x080001c7   Thumb Code     0  startup_stm32f411xe.o(.text)
    RTC_Alarm_IRQHandler                     0x080001c7   Thumb Code     0  startup_stm32f411xe.o(.text)
    RTC_WKUP_IRQHandler                      0x080001c7   Thumb Code     0  startup_stm32f411xe.o(.text)
    SDIO_IRQHandler                          0x080001c7   Thumb Code     0  startup_stm32f411xe.o(.text)
    SPI1_IRQHandler                          0x080001c7   Thumb Code     0  startup_stm32f411xe.o(.text)
    SPI2_IRQHandler                          0x080001c7   Thumb Code     0  startup_stm32f411xe.o(.text)
    SPI3_IRQHandler                          0x080001c7   Thumb Code     0  startup_stm32f411xe.o(.text)
    SPI4_IRQHandler                          0x080001c7   Thumb Code     0  startup_stm32f411xe.o(.text)
    SPI5_IRQHandler                          0x080001c7   Thumb Code     0  startup_stm32f411xe.o(.text)
    TAMP_STAMP_IRQHandler                    0x080001c7   Thumb Code     0  startup_stm32f411xe.o(.text)
    TIM1_BRK_TIM9_IRQHandler                 0x080001c7   Thumb Code     0  startup_stm32f411xe.o(.text)
    TIM1_CC_IRQHandler                       0x080001c7   Thumb Code     0  startup_stm32f411xe.o(.text)
    TIM1_TRG_COM_TIM11_IRQHandler            0x080001c7   Thumb Code     0  startup_stm32f411xe.o(.text)
    TIM1_UP_TIM10_IRQHandler                 0x080001c7   Thumb Code     0  startup_stm32f411xe.o(.text)
    TIM2_IRQHandler                          0x080001c7   Thumb Code     0  startup_stm32f411xe.o(.text)
    TIM3_IRQHandler                          0x080001c7   Thumb Code     0  startup_stm32f411xe.o(.text)
    TIM4_IRQHandler                          0x080001c7   Thumb Code     0  startup_stm32f411xe.o(.text)
    TIM5_IRQHandler                          0x080001c7   Thumb Code     0  startup_stm32f411xe.o(.text)
    USART1_IRQHandler                        0x080001c7   Thumb Code     0  startup_stm32f411xe.o(.text)
    USART2_IRQHandler                        0x080001c7   Thumb Code     0  startup_stm32f411xe.o(.text)
    USART6_IRQHandler                        0x080001c7   Thumb Code     0  startup_stm32f411xe.o(.text)
    WWDG_IRQHandler                          0x080001c7   Thumb Code     0  startup_stm32f411xe.o(.text)
    __aeabi_uldivmod                         0x080001d1   Thumb Code    98  uldiv.o(.text)
    __aeabi_memcpy                           0x08000233   Thumb Code    36  memcpya.o(.text)
    __aeabi_memcpy4                          0x08000233   Thumb Code     0  memcpya.o(.text)
    __aeabi_memcpy8                          0x08000233   Thumb Code     0  memcpya.o(.text)
    __aeabi_memset                           0x08000257   Thumb Code    14  memseta.o(.text)
    __aeabi_memset4                          0x08000257   Thumb Code     0  memseta.o(.text)
    __aeabi_memset8                          0x08000257   Thumb Code     0  memseta.o(.text)
    __aeabi_memclr                           0x08000265   Thumb Code     4  memseta.o(.text)
    __aeabi_memclr4                          0x08000265   Thumb Code     0  memseta.o(.text)
    __aeabi_memclr8                          0x08000265   Thumb Code     0  memseta.o(.text)
    _memset$wrapper                          0x08000269   Thumb Code    18  memseta.o(.text)
    __aeabi_llsl                             0x0800027b   Thumb Code    30  llshl.o(.text)
    _ll_shift_l                              0x0800027b   Thumb Code     0  llshl.o(.text)
    __aeabi_llsr                             0x08000299   Thumb Code    32  llushr.o(.text)
    _ll_ushift_r                             0x08000299   Thumb Code     0  llushr.o(.text)
    __scatterload                            0x080002b9   Thumb Code    28  init.o(.text)
    __scatterload_rt2                        0x080002b9   Thumb Code     0  init.o(.text)
    __decompress                             0x080002dd   Thumb Code     0  __dczerorl2.o(.text)
    __decompress1                            0x080002dd   Thumb Code    86  __dczerorl2.o(.text)
    BusFault_Handler                         0x08000333   Thumb Code     2  stm32f4xx_it.o(i.BusFault_Handler)
    DebugMon_Handler                         0x08000335   Thumb Code     2  stm32f4xx_it.o(i.DebugMon_Handler)
    Error_Handler                            0x08000337   Thumb Code     2  main.o(i.Error_Handler)
    HAL_Delay                                0x08000339   Thumb Code    32  stm32f4xx_hal.o(i.HAL_Delay)
    HAL_GPIO_Init                            0x0800035d   Thumb Code   370  stm32f4xx_hal_gpio.o(i.HAL_GPIO_Init)
    HAL_GPIO_WritePin                        0x080004f1   Thumb Code    10  stm32f4xx_hal_gpio.o(i.HAL_GPIO_WritePin)
    HAL_GetTick                              0x080004fd   Thumb Code     6  stm32f4xx_hal.o(i.HAL_GetTick)
    HAL_IncTick                              0x08000509   Thumb Code    12  stm32f4xx_hal.o(i.HAL_IncTick)
    HAL_Init                                 0x08000519   Thumb Code    48  stm32f4xx_hal.o(i.HAL_Init)
    HAL_InitTick                             0x0800054d   Thumb Code    54  stm32f4xx_hal.o(i.HAL_InitTick)
    HAL_MspInit                              0x0800058d   Thumb Code    42  stm32f4xx_hal_msp.o(i.HAL_MspInit)
    HAL_NVIC_EnableIRQ                       0x080005bd   Thumb Code    26  stm32f4xx_hal_cortex.o(i.HAL_NVIC_EnableIRQ)
    HAL_NVIC_SetPriority                     0x080005d9   Thumb Code    60  stm32f4xx_hal_cortex.o(i.HAL_NVIC_SetPriority)
    HAL_NVIC_SetPriorityGrouping             0x08000619   Thumb Code    26  stm32f4xx_hal_cortex.o(i.HAL_NVIC_SetPriorityGrouping)
    HAL_PCDEx_LPM_Callback                   0x0800063d   Thumb Code     2  stm32f4xx_hal_pcd_ex.o(i.HAL_PCDEx_LPM_Callback)
    HAL_PCDEx_SetRxFiFo                      0x0800063f   Thumb Code     8  stm32f4xx_hal_pcd_ex.o(i.HAL_PCDEx_SetRxFiFo)
    HAL_PCDEx_SetTxFiFo                      0x08000647   Thumb Code    68  stm32f4xx_hal_pcd_ex.o(i.HAL_PCDEx_SetTxFiFo)
    HAL_PCD_ConnectCallback                  0x0800068b   Thumb Code     8  usbd_conf.o(i.HAL_PCD_ConnectCallback)
    HAL_PCD_DataInStageCallback              0x08000693   Thumb Code    18  usbd_conf.o(i.HAL_PCD_DataInStageCallback)
    HAL_PCD_DataOutStageCallback             0x080006a5   Thumb Code    20  usbd_conf.o(i.HAL_PCD_DataOutStageCallback)
    HAL_PCD_DisconnectCallback               0x080006b9   Thumb Code     8  usbd_conf.o(i.HAL_PCD_DisconnectCallback)
    HAL_PCD_EP_Close                         0x080006c1   Thumb Code    76  stm32f4xx_hal_pcd.o(i.HAL_PCD_EP_Close)
    HAL_PCD_EP_ClrStall                      0x0800070d   Thumb Code    92  stm32f4xx_hal_pcd.o(i.HAL_PCD_EP_ClrStall)
    HAL_PCD_EP_Flush                         0x08000769   Thumb Code    52  stm32f4xx_hal_pcd.o(i.HAL_PCD_EP_Flush)
    HAL_PCD_EP_GetRxCount                    0x0800079d   Thumb Code    18  stm32f4xx_hal_pcd.o(i.HAL_PCD_EP_GetRxCount)
    HAL_PCD_EP_Open                          0x080007af   Thumb Code    96  stm32f4xx_hal_pcd.o(i.HAL_PCD_EP_Open)
    HAL_PCD_EP_Receive                       0x0800080f   Thumb Code    72  stm32f4xx_hal_pcd.o(i.HAL_PCD_EP_Receive)
    HAL_PCD_EP_SetStall                      0x08000857   Thumb Code   116  stm32f4xx_hal_pcd.o(i.HAL_PCD_EP_SetStall)
    HAL_PCD_EP_Transmit                      0x080008cb   Thumb Code    64  stm32f4xx_hal_pcd.o(i.HAL_PCD_EP_Transmit)
    HAL_PCD_IRQHandler                       0x0800090d   Thumb Code  1070  stm32f4xx_hal_pcd.o(i.HAL_PCD_IRQHandler)
    HAL_PCD_ISOINIncompleteCallback          0x08000d41   Thumb Code     8  usbd_conf.o(i.HAL_PCD_ISOINIncompleteCallback)
    HAL_PCD_ISOOUTIncompleteCallback         0x08000d49   Thumb Code     8  usbd_conf.o(i.HAL_PCD_ISOOUTIncompleteCallback)
    HAL_PCD_Init                             0x08000d51   Thumb Code   226  stm32f4xx_hal_pcd.o(i.HAL_PCD_Init)
    HAL_PCD_MspInit                          0x08000e35   Thumb Code   122  usbd_conf.o(i.HAL_PCD_MspInit)
    HAL_PCD_ResetCallback                    0x08000eb9   Thumb Code    38  usbd_conf.o(i.HAL_PCD_ResetCallback)
    HAL_PCD_ResumeCallback                   0x08000edf   Thumb Code     8  usbd_conf.o(i.HAL_PCD_ResumeCallback)
    HAL_PCD_SOFCallback                      0x08000ee7   Thumb Code     8  usbd_conf.o(i.HAL_PCD_SOFCallback)
    HAL_PCD_SetAddress                       0x08000eef   Thumb Code    40  stm32f4xx_hal_pcd.o(i.HAL_PCD_SetAddress)
    HAL_PCD_SetupStageCallback               0x08000f17   Thumb Code    14  usbd_conf.o(i.HAL_PCD_SetupStageCallback)
    HAL_PCD_Start                            0x08000f25   Thumb Code    66  stm32f4xx_hal_pcd.o(i.HAL_PCD_Start)
    HAL_PCD_SuspendCallback                  0x08000f69   Thumb Code    44  usbd_conf.o(i.HAL_PCD_SuspendCallback)
    HAL_RCC_ClockConfig                      0x08000f99   Thumb Code   288  stm32f4xx_hal_rcc.o(i.HAL_RCC_ClockConfig)
    HAL_RCC_GetHCLKFreq                      0x080010cd   Thumb Code     6  stm32f4xx_hal_rcc.o(i.HAL_RCC_GetHCLKFreq)
    HAL_RCC_GetSysClockFreq                  0x080010d9   Thumb Code    88  stm32f4xx_hal_rcc.o(i.HAL_RCC_GetSysClockFreq)
    HAL_RCC_OscConfig                        0x0800113d   Thumb Code   840  stm32f4xx_hal_rcc.o(i.HAL_RCC_OscConfig)
    HAL_SPI_Init                             0x08001499   Thumb Code   128  stm32f4xx_hal_spi.o(i.HAL_SPI_Init)
    HAL_SPI_MspInit                          0x08001519   Thumb Code    92  spi.o(i.HAL_SPI_MspInit)
    HAL_SPI_Receive                          0x08001581   Thumb Code   336  stm32f4xx_hal_spi.o(i.HAL_SPI_Receive)
    HAL_SPI_Transmit                         0x080016d1   Thumb Code   348  stm32f4xx_hal_spi.o(i.HAL_SPI_Transmit)
    HAL_SPI_TransmitReceive                  0x0800182d   Thumb Code   482  stm32f4xx_hal_spi.o(i.HAL_SPI_TransmitReceive)
    HAL_SYSTICK_Config                       0x08001a0f   Thumb Code    40  stm32f4xx_hal_cortex.o(i.HAL_SYSTICK_Config)
    HardFault_Handler                        0x08001a37   Thumb Code     2  stm32f4xx_it.o(i.HardFault_Handler)
    MSC_BOT_CplClrFeature                    0x08001b75   Thumb Code    56  usbd_msc_bot.o(i.MSC_BOT_CplClrFeature)
    MSC_BOT_DataIn                           0x08001bad   Thumb Code    60  usbd_msc_bot.o(i.MSC_BOT_DataIn)
    MSC_BOT_DataOut                          0x08001be9   Thumb Code    60  usbd_msc_bot.o(i.MSC_BOT_DataOut)
    MSC_BOT_DeInit                           0x08001c25   Thumb Code    10  usbd_msc_bot.o(i.MSC_BOT_DeInit)
    MSC_BOT_Init                             0x08001c2f   Thumb Code    74  usbd_msc_bot.o(i.MSC_BOT_Init)
    MSC_BOT_Reset                            0x08001c79   Thumb Code    52  usbd_msc_bot.o(i.MSC_BOT_Reset)
    MSC_BOT_SendCSW                          0x08001cad   Thumb Code    60  usbd_msc_bot.o(i.MSC_BOT_SendCSW)
    MX_GPIO_Init                             0x08001ced   Thumb Code   132  gpio.o(i.MX_GPIO_Init)
    MX_SPI1_Init                             0x08001d7d   Thumb Code    62  spi.o(i.MX_SPI1_Init)
    MX_USB_DEVICE_Init                       0x08001dc5   Thumb Code    66  usb_device.o(i.MX_USB_DEVICE_Init)
    MemManage_Handler                        0x08001e19   Thumb Code     2  stm32f4xx_it.o(i.MemManage_Handler)
    NMI_Handler                              0x08001e1b   Thumb Code     2  stm32f4xx_it.o(i.NMI_Handler)
    OTG_FS_IRQHandler                        0x08001e1d   Thumb Code     6  stm32f4xx_it.o(i.OTG_FS_IRQHandler)
    PendSV_Handler                           0x08001f97   Thumb Code     2  stm32f4xx_it.o(i.PendSV_Handler)
    SCSI_ProcessCmd                          0x0800202d   Thumb Code   418  usbd_msc_scsi.o(i.SCSI_ProcessCmd)
    SCSI_SenseCode                           0x08002621   Thumb Code    82  usbd_msc_scsi.o(i.SCSI_SenseCode)
    SVC_Handler                              0x080029a5   Thumb Code     2  stm32f4xx_it.o(i.SVC_Handler)
    SysTick_Handler                          0x080029b1   Thumb Code     4  stm32f4xx_it.o(i.SysTick_Handler)
    SystemClock_Config                       0x080029b5   Thumb Code   120  main.o(i.SystemClock_Config)
    SystemInit                               0x08002a35   Thumb Code    22  system_stm32f4xx.o(i.SystemInit)
    USBD_ClrClassConfig                      0x08002a51   Thumb Code    16  usbd_core.o(i.USBD_ClrClassConfig)
    USBD_CtlContinueRx                       0x08002a61   Thumb Code    16  usbd_ioreq.o(i.USBD_CtlContinueRx)
    USBD_CtlContinueSendData                 0x08002a71   Thumb Code    16  usbd_ioreq.o(i.USBD_CtlContinueSendData)
    USBD_CtlError                            0x08002a81   Thumb Code    22  usbd_ctlreq.o(i.USBD_CtlError)
    USBD_CtlReceiveStatus                    0x08002a97   Thumb Code    22  usbd_ioreq.o(i.USBD_CtlReceiveStatus)
    USBD_CtlSendData                         0x08002aad   Thumb Code    26  usbd_ioreq.o(i.USBD_CtlSendData)
    USBD_CtlSendStatus                       0x08002ac7   Thumb Code    22  usbd_ioreq.o(i.USBD_CtlSendStatus)
    USBD_FS_ConfigStrDescriptor              0x08002add   Thumb Code    16  usbd_desc.o(i.USBD_FS_ConfigStrDescriptor)
    USBD_FS_DeviceDescriptor                 0x08002afd   Thumb Code     8  usbd_desc.o(i.USBD_FS_DeviceDescriptor)
    USBD_FS_InterfaceStrDescriptor           0x08002b09   Thumb Code    16  usbd_desc.o(i.USBD_FS_InterfaceStrDescriptor)
    USBD_FS_LangIDStrDescriptor              0x08002b2d   Thumb Code     8  usbd_desc.o(i.USBD_FS_LangIDStrDescriptor)
    USBD_FS_ManufacturerStrDescriptor        0x08002b39   Thumb Code    16  usbd_desc.o(i.USBD_FS_ManufacturerStrDescriptor)
    USBD_FS_ProductStrDescriptor             0x08002b61   Thumb Code    16  usbd_desc.o(i.USBD_FS_ProductStrDescriptor)
    USBD_FS_SerialStrDescriptor              0x08002b89   Thumb Code    48  usbd_desc.o(i.USBD_FS_SerialStrDescriptor)
    USBD_GetString                           0x08002ca7   Thumb Code    72  usbd_ctlreq.o(i.USBD_GetString)
    USBD_Get_USB_Status                      0x08002cef   Thumb Code    24  usbd_conf.o(i.USBD_Get_USB_Status)
    USBD_Init                                0x08002d07   Thumb Code    52  usbd_core.o(i.USBD_Init)
    USBD_LL_ClearStallEP                     0x08002d3b   Thumb Code    18  usbd_conf.o(i.USBD_LL_ClearStallEP)
    USBD_LL_CloseEP                          0x08002d4d   Thumb Code    18  usbd_conf.o(i.USBD_LL_CloseEP)
    USBD_LL_DataInStage                      0x08002d5f   Thumb Code   170  usbd_core.o(i.USBD_LL_DataInStage)
    USBD_LL_DataOutStage                     0x08002e09   Thumb Code   110  usbd_core.o(i.USBD_LL_DataOutStage)
    USBD_LL_DevConnected                     0x08002e77   Thumb Code     4  usbd_core.o(i.USBD_LL_DevConnected)
    USBD_LL_DevDisconnected                  0x08002e7b   Thumb Code    24  usbd_core.o(i.USBD_LL_DevDisconnected)
    USBD_LL_FlushEP                          0x08002e93   Thumb Code    18  usbd_conf.o(i.USBD_LL_FlushEP)
    USBD_LL_GetRxDataSize                    0x08002ea5   Thumb Code     8  usbd_conf.o(i.USBD_LL_GetRxDataSize)
    USBD_LL_Init                             0x08002ead   Thumb Code    90  usbd_conf.o(i.USBD_LL_Init)
    USBD_LL_IsStallEP                        0x08002f0d   Thumb Code    32  usbd_conf.o(i.USBD_LL_IsStallEP)
    USBD_LL_IsoINIncomplete                  0x08002f2d   Thumb Code     4  usbd_core.o(i.USBD_LL_IsoINIncomplete)
    USBD_LL_IsoOUTIncomplete                 0x08002f31   Thumb Code     4  usbd_core.o(i.USBD_LL_IsoOUTIncomplete)
    USBD_LL_OpenEP                           0x08002f35   Thumb Code    24  usbd_conf.o(i.USBD_LL_OpenEP)
    USBD_LL_PrepareReceive                   0x08002f4d   Thumb Code    18  usbd_conf.o(i.USBD_LL_PrepareReceive)
    USBD_LL_Reset                            0x08002f5f   Thumb Code    82  usbd_core.o(i.USBD_LL_Reset)
    USBD_LL_Resume                           0x08002fb1   Thumb Code    20  usbd_core.o(i.USBD_LL_Resume)
    USBD_LL_SOF                              0x08002fc5   Thumb Code    24  usbd_core.o(i.USBD_LL_SOF)
    USBD_LL_SetSpeed                         0x08002fdd   Thumb Code     6  usbd_core.o(i.USBD_LL_SetSpeed)
    USBD_LL_SetUSBAddress                    0x08002fe3   Thumb Code    18  usbd_conf.o(i.USBD_LL_SetUSBAddress)
    USBD_LL_SetupStage                       0x08002ff5   Thumb Code    96  usbd_core.o(i.USBD_LL_SetupStage)
    USBD_LL_StallEP                          0x08003055   Thumb Code    18  usbd_conf.o(i.USBD_LL_StallEP)
    USBD_LL_Start                            0x08003067   Thumb Code    18  usbd_conf.o(i.USBD_LL_Start)
    USBD_LL_Suspend                          0x08003079   Thumb Code    18  usbd_core.o(i.USBD_LL_Suspend)
    USBD_LL_Transmit                         0x0800308b   Thumb Code    18  usbd_conf.o(i.USBD_LL_Transmit)
    USBD_MSC_DataIn                          0x0800309d   Thumb Code    10  usbd_msc.o(i.USBD_MSC_DataIn)
    USBD_MSC_DataOut                         0x080030a7   Thumb Code    10  usbd_msc.o(i.USBD_MSC_DataOut)
    USBD_MSC_DeInit                          0x080030b1   Thumb Code    50  usbd_msc.o(i.USBD_MSC_DeInit)
    USBD_MSC_GetDeviceQualifierDescriptor    0x080030e5   Thumb Code     8  usbd_msc.o(i.USBD_MSC_GetDeviceQualifierDescriptor)
    USBD_MSC_GetFSCfgDesc                    0x080030f1   Thumb Code     8  usbd_msc.o(i.USBD_MSC_GetFSCfgDesc)
    USBD_MSC_GetHSCfgDesc                    0x080030fd   Thumb Code     8  usbd_msc.o(i.USBD_MSC_GetHSCfgDesc)
    USBD_MSC_GetOtherSpeedCfgDesc            0x08003109   Thumb Code     8  usbd_msc.o(i.USBD_MSC_GetOtherSpeedCfgDesc)
    USBD_MSC_Init                            0x08003115   Thumb Code    98  usbd_msc.o(i.USBD_MSC_Init)
    USBD_MSC_RegisterStorage                 0x08003177   Thumb Code    14  usbd_msc.o(i.USBD_MSC_RegisterStorage)
    USBD_MSC_Setup                           0x08003185   Thumb Code   204  usbd_msc.o(i.USBD_MSC_Setup)
    USBD_ParseSetupRequest                   0x08003251   Thumb Code    44  usbd_ctlreq.o(i.USBD_ParseSetupRequest)
    USBD_RegisterClass                       0x0800327d   Thumb Code    34  usbd_core.o(i.USBD_RegisterClass)
    USBD_SetClassConfig                      0x0800329f   Thumb Code    20  usbd_core.o(i.USBD_SetClassConfig)
    USBD_Start                               0x08003371   Thumb Code     4  usbd_core.o(i.USBD_Start)
    USBD_StdDevReq                           0x08003375   Thumb Code   276  usbd_ctlreq.o(i.USBD_StdDevReq)
    USBD_StdEPReq                            0x08003489   Thumb Code   332  usbd_ctlreq.o(i.USBD_StdEPReq)
    USBD_StdItfReq                           0x080035d5   Thumb Code    82  usbd_ctlreq.o(i.USBD_StdItfReq)
    USB_ActivateEndpoint                     0x08003629   Thumb Code   122  stm32f4xx_ll_usb.o(i.USB_ActivateEndpoint)
    USB_ActivateSetup                        0x080036a9   Thumb Code    28  stm32f4xx_ll_usb.o(i.USB_ActivateSetup)
    USB_CoreInit                             0x080036c5   Thumb Code   112  stm32f4xx_ll_usb.o(i.USB_CoreInit)
    USB_DeactivateEndpoint                   0x08003771   Thumb Code   194  stm32f4xx_ll_usb.o(i.USB_DeactivateEndpoint)
    USB_DevConnect                           0x0800383d   Thumb Code    28  stm32f4xx_ll_usb.o(i.USB_DevConnect)
    USB_DevDisconnect                        0x08003859   Thumb Code    28  stm32f4xx_ll_usb.o(i.USB_DevDisconnect)
    USB_DevInit                              0x08003875   Thumb Code   362  stm32f4xx_ll_usb.o(i.USB_DevInit)
    USB_DisableGlobalInt                     0x080039e9   Thumb Code    12  stm32f4xx_ll_usb.o(i.USB_DisableGlobalInt)
    USB_EP0StartXfer                         0x080039f5   Thumb Code   276  stm32f4xx_ll_usb.o(i.USB_EP0StartXfer)
    USB_EP0_OutStart                         0x08003b0d   Thumb Code    84  stm32f4xx_ll_usb.o(i.USB_EP0_OutStart)
    USB_EPClearStall                         0x08003b65   Thumb Code    88  stm32f4xx_ll_usb.o(i.USB_EPClearStall)
    USB_EPSetStall                           0x08003bbd   Thumb Code    88  stm32f4xx_ll_usb.o(i.USB_EPSetStall)
    USB_EPStartXfer                          0x08003c15   Thumb Code   482  stm32f4xx_ll_usb.o(i.USB_EPStartXfer)
    USB_EnableGlobalInt                      0x08003dfd   Thumb Code    12  stm32f4xx_ll_usb.o(i.USB_EnableGlobalInt)
    USB_FlushRxFifo                          0x08003e09   Thumb Code    28  stm32f4xx_ll_usb.o(i.USB_FlushRxFifo)
    USB_FlushTxFifo                          0x08003e29   Thumb Code    32  stm32f4xx_ll_usb.o(i.USB_FlushTxFifo)
    USB_GetDevSpeed                          0x08003e4d   Thumb Code    26  stm32f4xx_ll_usb.o(i.USB_GetDevSpeed)
    USB_GetMode                              0x08003e67   Thumb Code     8  stm32f4xx_ll_usb.o(i.USB_GetMode)
    USB_ReadDevAllInEpInterrupt              0x08003e6f   Thumb Code    14  stm32f4xx_ll_usb.o(i.USB_ReadDevAllInEpInterrupt)
    USB_ReadDevAllOutEpInterrupt             0x08003e7d   Thumb Code    14  stm32f4xx_ll_usb.o(i.USB_ReadDevAllOutEpInterrupt)
    USB_ReadDevInEPInterrupt                 0x08003e8b   Thumb Code    36  stm32f4xx_ll_usb.o(i.USB_ReadDevInEPInterrupt)
    USB_ReadDevOutEPInterrupt                0x08003eaf   Thumb Code    16  stm32f4xx_ll_usb.o(i.USB_ReadDevOutEPInterrupt)
    USB_ReadInterrupts                       0x08003ebf   Thumb Code     8  stm32f4xx_ll_usb.o(i.USB_ReadInterrupts)
    USB_ReadPacket                           0x08003ec7   Thumb Code    28  stm32f4xx_ll_usb.o(i.USB_ReadPacket)
    USB_SetCurrentMode                       0x08003ee3   Thumb Code    46  stm32f4xx_ll_usb.o(i.USB_SetCurrentMode)
    USB_SetDevAddress                        0x08003f11   Thumb Code    34  stm32f4xx_ll_usb.o(i.USB_SetDevAddress)
    USB_SetTurnaroundTime                    0x08003f35   Thumb Code   158  stm32f4xx_ll_usb.o(i.USB_SetTurnaroundTime)
    USB_WritePacket                          0x0800401d   Thumb Code    36  stm32f4xx_ll_usb.o(i.USB_WritePacket)
    UsageFault_Handler                       0x08004041   Thumb Code     2  stm32f4xx_it.o(i.UsageFault_Handler)
    W25qxx_EraseSector                       0x08004045   Thumb Code   120  w25qxx.o(i.W25qxx_EraseSector)
    W25qxx_Init                              0x080040c5   Thumb Code   220  w25qxx.o(i.W25qxx_Init)
    W25qxx_ReadID                            0x080041a9   Thumb Code    68  w25qxx.o(i.W25qxx_ReadID)
    W25qxx_ReadPage                          0x080041f1   Thumb Code   154  w25qxx.o(i.W25qxx_ReadPage)
    W25qxx_ReadSector                        0x08004299   Thumb Code    96  w25qxx.o(i.W25qxx_ReadSector)
    W25qxx_ReadStatusRegister                0x080042fd   Thumb Code    98  w25qxx.o(i.W25qxx_ReadStatusRegister)
    W25qxx_ReadUniqID                        0x08004369   Thumb Code    72  w25qxx.o(i.W25qxx_ReadUniqID)
    W25qxx_SectorToPage                      0x080043b9   Thumb Code    14  w25qxx.o(i.W25qxx_SectorToPage)
    W25qxx_Spi                               0x080043cd   Thumb Code    26  w25qxx.o(i.W25qxx_Spi)
    W25qxx_WaitForWriteEnd                   0x080043ed   Thumb Code    66  w25qxx.o(i.W25qxx_WaitForWriteEnd)
    W25qxx_WriteEnable                       0x08004439   Thumb Code    40  w25qxx.o(i.W25qxx_WriteEnable)
    W25qxx_WritePage                         0x08004465   Thumb Code   166  w25qxx.o(i.W25qxx_WritePage)
    W25qxx_WriteSector                       0x08004519   Thumb Code    96  w25qxx.o(i.W25qxx_WriteSector)
    __scatterload_copy                       0x0800459d   Thumb Code    14  handlers.o(i.__scatterload_copy)
    __scatterload_null                       0x080045ab   Thumb Code     2  handlers.o(i.__scatterload_null)
    __scatterload_zeroinit                   0x080045ad   Thumb Code    14  handlers.o(i.__scatterload_zeroinit)
    free                                     0x080045bd   Thumb Code    76  malloc.o(i.free)
    main                                     0x0800460d   Thumb Code    26  main.o(i.main)
    malloc                                   0x08004629   Thumb Code    92  malloc.o(i.malloc)
    STORAGE_Inquirydata_FS                   0x08004694   Data          36  usbd_storage_if.o(.constdata)
    AHBPrescTable                            0x080046b8   Data          16  system_stm32f4xx.o(.constdata)
    Region$$Table$$Base                      0x080046c8   Number         0  anon$$obj.o(Region$$Table)
    Region$$Table$$Limit                     0x080046e8   Number         0  anon$$obj.o(Region$$Table)
    FS_Desc                                  0x20000000   Data          28  usbd_desc.o(.data)
    USBD_LangIDDesc                          0x2000001c   Data           4  usbd_desc.o(.data)
    USBD_FS_DeviceDesc                       0x20000020   Data          18  usbd_desc.o(.data)
    USBD_StringSerial                        0x20000034   Data          26  usbd_desc.o(.data)
    USBD_Storage_Interface_fops_FS           0x20000050   Data          32  usbd_storage_if.o(.data)
    uwTickFreq                               0x20000070   Data           1  stm32f4xx_hal.o(.data)
    uwTickPrio                               0x20000074   Data           4  stm32f4xx_hal.o(.data)
    uwTick                                   0x20000078   Data           4  stm32f4xx_hal.o(.data)
    SystemCoreClock                          0x2000007c   Data           4  system_stm32f4xx.o(.data)
    USBD_MSC                                 0x20000084   Data          56  usbd_msc.o(.data)
    MSC_Page00_Inquiry_Data                  0x20000126   Data           6  usbd_msc_data.o(.data)
    MSC_Page80_Inquiry_Data                  0x2000012c   Data           8  usbd_msc_data.o(.data)
    MSC_Mode_Sense6_data                     0x20000134   Data          23  usbd_msc_data.o(.data)
    MSC_Mode_Sense10_data                    0x2000014b   Data          27  usbd_msc_data.o(.data)
    __microlib_freelist                      0x20000168   Data           4  mvars.o(.data)
    __microlib_freelist_initialised          0x2000016c   Data           4  mvars.o(.data)
    hspi1                                    0x20000170   Data          88  spi.o(.bss)
    hUsbDeviceFS                             0x200001c8   Data         720  usb_device.o(.bss)
    hpcd_USB_OTG_FS                          0x20000498   Data        1032  usbd_conf.o(.bss)
    USBD_StrDesc                             0x200008a0   Data         512  usbd_desc.o(.bss)
    w25qxx                                   0x20000aa0   Data          40  w25qxx.o(.bss)
    __heap_base                              0x20000ac8   Data           0  startup_stm32f411xe.o(HEAP)
    __heap_limit                             0x20000cc8   Data           0  startup_stm32f411xe.o(HEAP)
    __initial_sp                             0x200010c8   Data           0  startup_stm32f411xe.o(STACK)



==============================================================================

Memory Map of the image

  Image Entry point : 0x08000199

  Load Region LR_IROM1 (Base: 0x08000000, Size: 0x00004858, Max: 0x00080000, ABSOLUTE, COMPRESSED[0x000047a0])

    Execution Region ER_IROM1 (Exec base: 0x08000000, Load base: 0x08000000, Size: 0x000046e8, Max: 0x00080000, ABSOLUTE)

    Exec Addr    Load Addr    Size         Type   Attr      Idx    E Section Name        Object

    0x08000000   0x08000000   0x00000198   Data   RO            3    RESET               startup_stm32f411xe.o
    0x08000198   0x08000198   0x00000000   Code   RO         3671  * .ARM.Collect$$$$00000000  mc_w.l(entry.o)
    0x08000198   0x08000198   0x00000004   Code   RO         3710    .ARM.Collect$$$$00000001  mc_w.l(entry2.o)
    0x0800019c   0x0800019c   0x00000004   Code   RO         3713    .ARM.Collect$$$$00000004  mc_w.l(entry5.o)
    0x080001a0   0x080001a0   0x00000000   Code   RO         3715    .ARM.Collect$$$$00000008  mc_w.l(entry7b.o)
    0x080001a0   0x080001a0   0x00000000   Code   RO         3717    .ARM.Collect$$$$0000000A  mc_w.l(entry8b.o)
    0x080001a0   0x080001a0   0x00000008   Code   RO         3718    .ARM.Collect$$$$0000000B  mc_w.l(entry9a.o)
    0x080001a8   0x080001a8   0x00000000   Code   RO         3720    .ARM.Collect$$$$0000000D  mc_w.l(entry10a.o)
    0x080001a8   0x080001a8   0x00000000   Code   RO         3722    .ARM.Collect$$$$0000000F  mc_w.l(entry11a.o)
    0x080001a8   0x080001a8   0x00000004   Code   RO         3711    .ARM.Collect$$$$00002712  mc_w.l(entry2.o)
    0x080001ac   0x080001ac   0x00000024   Code   RO            4    .text               startup_stm32f411xe.o
    0x080001d0   0x080001d0   0x00000062   Code   RO         3674    .text               mc_w.l(uldiv.o)
    0x08000232   0x08000232   0x00000024   Code   RO         3676    .text               mc_w.l(memcpya.o)
    0x08000256   0x08000256   0x00000024   Code   RO         3678    .text               mc_w.l(memseta.o)
    0x0800027a   0x0800027a   0x0000001e   Code   RO         3724    .text               mc_w.l(llshl.o)
    0x08000298   0x08000298   0x00000020   Code   RO         3726    .text               mc_w.l(llushr.o)
    0x080002b8   0x080002b8   0x00000024   Code   RO         3730    .text               mc_w.l(init.o)
    0x080002dc   0x080002dc   0x00000056   Code   RO         3740    .text               mc_w.l(__dczerorl2.o)
    0x08000332   0x08000332   0x00000002   Code   RO          644    i.BusFault_Handler  stm32f4xx_it.o
    0x08000334   0x08000334   0x00000002   Code   RO          645    i.DebugMon_Handler  stm32f4xx_it.o
    0x08000336   0x08000336   0x00000002   Code   RO           13    i.Error_Handler     main.o
    0x08000338   0x08000338   0x00000024   Code   RO         2277    i.HAL_Delay         stm32f4xx_hal.o
    0x0800035c   0x0800035c   0x00000194   Code   RO         1727    i.HAL_GPIO_Init     stm32f4xx_hal_gpio.o
    0x080004f0   0x080004f0   0x0000000a   Code   RO         1731    i.HAL_GPIO_WritePin  stm32f4xx_hal_gpio.o
    0x080004fa   0x080004fa   0x00000002   PAD
    0x080004fc   0x080004fc   0x0000000c   Code   RO         2283    i.HAL_GetTick       stm32f4xx_hal.o
    0x08000508   0x08000508   0x00000010   Code   RO         2289    i.HAL_IncTick       stm32f4xx_hal.o
    0x08000518   0x08000518   0x00000034   Code   RO         2290    i.HAL_Init          stm32f4xx_hal.o
    0x0800054c   0x0800054c   0x00000040   Code   RO         2291    i.HAL_InitTick      stm32f4xx_hal.o
    0x0800058c   0x0800058c   0x00000030   Code   RO          726    i.HAL_MspInit       stm32f4xx_hal_msp.o
    0x080005bc   0x080005bc   0x0000001a   Code   RO         2140    i.HAL_NVIC_EnableIRQ  stm32f4xx_hal_cortex.o
    0x080005d6   0x080005d6   0x00000002   PAD
    0x080005d8   0x080005d8   0x00000040   Code   RO         2146    i.HAL_NVIC_SetPriority  stm32f4xx_hal_cortex.o
    0x08000618   0x08000618   0x00000024   Code   RO         2147    i.HAL_NVIC_SetPriorityGrouping  stm32f4xx_hal_cortex.o
    0x0800063c   0x0800063c   0x00000002   Code   RO          977    i.HAL_PCDEx_LPM_Callback  stm32f4xx_hal_pcd_ex.o
    0x0800063e   0x0800063e   0x00000008   Code   RO          978    i.HAL_PCDEx_SetRxFiFo  stm32f4xx_hal_pcd_ex.o
    0x08000646   0x08000646   0x00000044   Code   RO          979    i.HAL_PCDEx_SetTxFiFo  stm32f4xx_hal_pcd_ex.o
    0x0800068a   0x0800068a   0x00000008   Code   RO          302    i.HAL_PCD_ConnectCallback  usbd_conf.o
    0x08000692   0x08000692   0x00000012   Code   RO          303    i.HAL_PCD_DataInStageCallback  usbd_conf.o
    0x080006a4   0x080006a4   0x00000014   Code   RO          304    i.HAL_PCD_DataOutStageCallback  usbd_conf.o
    0x080006b8   0x080006b8   0x00000008   Code   RO          305    i.HAL_PCD_DisconnectCallback  usbd_conf.o
    0x080006c0   0x080006c0   0x0000004c   Code   RO          759    i.HAL_PCD_EP_Close  stm32f4xx_hal_pcd.o
    0x0800070c   0x0800070c   0x0000005c   Code   RO          760    i.HAL_PCD_EP_ClrStall  stm32f4xx_hal_pcd.o
    0x08000768   0x08000768   0x00000034   Code   RO          761    i.HAL_PCD_EP_Flush  stm32f4xx_hal_pcd.o
    0x0800079c   0x0800079c   0x00000012   Code   RO          762    i.HAL_PCD_EP_GetRxCount  stm32f4xx_hal_pcd.o
    0x080007ae   0x080007ae   0x00000060   Code   RO          763    i.HAL_PCD_EP_Open   stm32f4xx_hal_pcd.o
    0x0800080e   0x0800080e   0x00000048   Code   RO          764    i.HAL_PCD_EP_Receive  stm32f4xx_hal_pcd.o
    0x08000856   0x08000856   0x00000074   Code   RO          765    i.HAL_PCD_EP_SetStall  stm32f4xx_hal_pcd.o
    0x080008ca   0x080008ca   0x00000040   Code   RO          766    i.HAL_PCD_EP_Transmit  stm32f4xx_hal_pcd.o
    0x0800090a   0x0800090a   0x00000002   PAD
    0x0800090c   0x0800090c   0x00000434   Code   RO          768    i.HAL_PCD_IRQHandler  stm32f4xx_hal_pcd.o
    0x08000d40   0x08000d40   0x00000008   Code   RO          306    i.HAL_PCD_ISOINIncompleteCallback  usbd_conf.o
    0x08000d48   0x08000d48   0x00000008   Code   RO          307    i.HAL_PCD_ISOOUTIncompleteCallback  usbd_conf.o
    0x08000d50   0x08000d50   0x000000e2   Code   RO          771    i.HAL_PCD_Init      stm32f4xx_hal_pcd.o
    0x08000e32   0x08000e32   0x00000002   PAD
    0x08000e34   0x08000e34   0x00000084   Code   RO          309    i.HAL_PCD_MspInit   usbd_conf.o
    0x08000eb8   0x08000eb8   0x00000026   Code   RO          310    i.HAL_PCD_ResetCallback  usbd_conf.o
    0x08000ede   0x08000ede   0x00000008   Code   RO          311    i.HAL_PCD_ResumeCallback  usbd_conf.o
    0x08000ee6   0x08000ee6   0x00000008   Code   RO          312    i.HAL_PCD_SOFCallback  usbd_conf.o
    0x08000eee   0x08000eee   0x00000028   Code   RO          777    i.HAL_PCD_SetAddress  stm32f4xx_hal_pcd.o
    0x08000f16   0x08000f16   0x0000000e   Code   RO          313    i.HAL_PCD_SetupStageCallback  usbd_conf.o
    0x08000f24   0x08000f24   0x00000042   Code   RO          779    i.HAL_PCD_Start     stm32f4xx_hal_pcd.o
    0x08000f66   0x08000f66   0x00000002   PAD
    0x08000f68   0x08000f68   0x00000030   Code   RO          314    i.HAL_PCD_SuspendCallback  usbd_conf.o
    0x08000f98   0x08000f98   0x00000134   Code   RO         1319    i.HAL_RCC_ClockConfig  stm32f4xx_hal_rcc.o
    0x080010cc   0x080010cc   0x0000000c   Code   RO         1324    i.HAL_RCC_GetHCLKFreq  stm32f4xx_hal_rcc.o
    0x080010d8   0x080010d8   0x00000064   Code   RO         1328    i.HAL_RCC_GetSysClockFreq  stm32f4xx_hal_rcc.o
    0x0800113c   0x0800113c   0x0000035c   Code   RO         1331    i.HAL_RCC_OscConfig  stm32f4xx_hal_rcc.o
    0x08001498   0x08001498   0x00000080   Code   RO         2539    i.HAL_SPI_Init      stm32f4xx_hal_spi.o
    0x08001518   0x08001518   0x00000068   Code   RO          207    i.HAL_SPI_MspInit   spi.o
    0x08001580   0x08001580   0x00000150   Code   RO         2542    i.HAL_SPI_Receive   stm32f4xx_hal_spi.o
    0x080016d0   0x080016d0   0x0000015c   Code   RO         2547    i.HAL_SPI_Transmit  stm32f4xx_hal_spi.o
    0x0800182c   0x0800182c   0x000001e2   Code   RO         2548    i.HAL_SPI_TransmitReceive  stm32f4xx_hal_spi.o
    0x08001a0e   0x08001a0e   0x00000028   Code   RO         2151    i.HAL_SYSTICK_Config  stm32f4xx_hal_cortex.o
    0x08001a36   0x08001a36   0x00000002   Code   RO          646    i.HardFault_Handler  stm32f4xx_it.o
    0x08001a38   0x08001a38   0x00000038   Code   RO          497    i.IntToUnicode      usbd_desc.o
    0x08001a70   0x08001a70   0x00000044   Code   RO         3280    i.MSC_BOT_Abort     usbd_msc_bot.o
    0x08001ab4   0x08001ab4   0x000000c0   Code   RO         3281    i.MSC_BOT_CBW_Decode  usbd_msc_bot.o
    0x08001b74   0x08001b74   0x00000038   Code   RO         3282    i.MSC_BOT_CplClrFeature  usbd_msc_bot.o
    0x08001bac   0x08001bac   0x0000003c   Code   RO         3283    i.MSC_BOT_DataIn    usbd_msc_bot.o
    0x08001be8   0x08001be8   0x0000003c   Code   RO         3284    i.MSC_BOT_DataOut   usbd_msc_bot.o
    0x08001c24   0x08001c24   0x0000000a   Code   RO         3285    i.MSC_BOT_DeInit    usbd_msc_bot.o
    0x08001c2e   0x08001c2e   0x0000004a   Code   RO         3286    i.MSC_BOT_Init      usbd_msc_bot.o
    0x08001c78   0x08001c78   0x00000034   Code   RO         3287    i.MSC_BOT_Reset     usbd_msc_bot.o
    0x08001cac   0x08001cac   0x00000040   Code   RO         3288    i.MSC_BOT_SendCSW   usbd_msc_bot.o
    0x08001cec   0x08001cec   0x00000090   Code   RO          182    i.MX_GPIO_Init      gpio.o
    0x08001d7c   0x08001d7c   0x00000048   Code   RO          208    i.MX_SPI1_Init      spi.o
    0x08001dc4   0x08001dc4   0x00000054   Code   RO          248    i.MX_USB_DEVICE_Init  usb_device.o
    0x08001e18   0x08001e18   0x00000002   Code   RO          647    i.MemManage_Handler  stm32f4xx_it.o
    0x08001e1a   0x08001e1a   0x00000002   Code   RO          648    i.NMI_Handler       stm32f4xx_it.o
    0x08001e1c   0x08001e1c   0x0000000c   Code   RO          649    i.OTG_FS_IRQHandler  stm32f4xx_it.o
    0x08001e28   0x08001e28   0x000000cc   Code   RO          783    i.PCD_EP_OutXfrComplete_int  stm32f4xx_hal_pcd.o
    0x08001ef4   0x08001ef4   0x000000a2   Code   RO          784    i.PCD_WriteEmptyTxFifo  stm32f4xx_hal_pcd.o
    0x08001f96   0x08001f96   0x00000002   Code   RO          650    i.PendSV_Handler    stm32f4xx_it.o
    0x08001f98   0x08001f98   0x00000024   Code   RO         3377    i.SCSI_CheckAddressRange  usbd_msc_scsi.o
    0x08001fbc   0x08001fbc   0x00000070   Code   RO         3378    i.SCSI_Inquiry      usbd_msc_scsi.o
    0x0800202c   0x0800202c   0x000001ac   Code   RO         3379    i.SCSI_ProcessCmd   usbd_msc_scsi.o
    0x080021d8   0x080021d8   0x0000008a   Code   RO         3380    i.SCSI_ProcessRead  usbd_msc_scsi.o
    0x08002262   0x08002262   0x00000094   Code   RO         3381    i.SCSI_ProcessWrite  usbd_msc_scsi.o
    0x080022f6   0x080022f6   0x000000a0   Code   RO         3382    i.SCSI_Read10       usbd_msc_scsi.o
    0x08002396   0x08002396   0x000000a6   Code   RO         3383    i.SCSI_Read12       usbd_msc_scsi.o
    0x0800243c   0x0800243c   0x00000064   Code   RO         3384    i.SCSI_ReadCapacity10  usbd_msc_scsi.o
    0x080024a0   0x080024a0   0x00000098   Code   RO         3385    i.SCSI_ReadCapacity16  usbd_msc_scsi.o
    0x08002538   0x08002538   0x00000070   Code   RO         3386    i.SCSI_ReadFormatCapacity  usbd_msc_scsi.o
    0x080025a8   0x080025a8   0x00000078   Code   RO         3387    i.SCSI_RequestSense  usbd_msc_scsi.o
    0x08002620   0x08002620   0x00000052   Code   RO         3388    i.SCSI_SenseCode    usbd_msc_scsi.o
    0x08002672   0x08002672   0x00000018   Code   RO         3389    i.SCSI_UpdateBotData  usbd_msc_scsi.o
    0x0800268a   0x0800268a   0x000000b8   Code   RO         3390    i.SCSI_Write10      usbd_msc_scsi.o
    0x08002742   0x08002742   0x000000ca   Code   RO         3391    i.SCSI_Write12      usbd_msc_scsi.o
    0x0800280c   0x0800280c   0x0000005c   Code   RO         2576    i.SPI_EndRxTransaction  stm32f4xx_hal_spi.o
    0x08002868   0x08002868   0x00000058   Code   RO         2577    i.SPI_EndRxTxTransaction  stm32f4xx_hal_spi.o
    0x080028c0   0x080028c0   0x00000094   Code   RO         2582    i.SPI_WaitFlagStateUntilTimeout  stm32f4xx_hal_spi.o
    0x08002954   0x08002954   0x0000000e   Code   RO          583    i.STORAGE_GetCapacity_FS  usbd_storage_if.o
    0x08002962   0x08002962   0x00000004   Code   RO          584    i.STORAGE_GetMaxLun_FS  usbd_storage_if.o
    0x08002966   0x08002966   0x00000004   Code   RO          585    i.STORAGE_Init_FS   usbd_storage_if.o
    0x0800296a   0x0800296a   0x00000004   Code   RO          586    i.STORAGE_IsReady_FS  usbd_storage_if.o
    0x0800296e   0x0800296e   0x00000004   Code   RO          587    i.STORAGE_IsWriteProtected_FS  usbd_storage_if.o
    0x08002972   0x08002972   0x00000014   Code   RO          588    i.STORAGE_Read_FS   usbd_storage_if.o
    0x08002986   0x08002986   0x0000001e   Code   RO          589    i.STORAGE_Write_FS  usbd_storage_if.o
    0x080029a4   0x080029a4   0x00000002   Code   RO          651    i.SVC_Handler       stm32f4xx_it.o
    0x080029a6   0x080029a6   0x0000000a   Code   RO         3062    i.SWAPBYTE          usbd_ctlreq.o
    0x080029b0   0x080029b0   0x00000004   Code   RO          652    i.SysTick_Handler   stm32f4xx_it.o
    0x080029b4   0x080029b4   0x00000080   Code   RO           14    i.SystemClock_Config  main.o
    0x08002a34   0x08002a34   0x0000001c   Code   RO         2887    i.SystemInit        system_stm32f4xx.o
    0x08002a50   0x08002a50   0x00000010   Code   RO         2924    i.USBD_ClrClassConfig  usbd_core.o
    0x08002a60   0x08002a60   0x00000010   Code   RO         3135    i.USBD_CtlContinueRx  usbd_ioreq.o
    0x08002a70   0x08002a70   0x00000010   Code   RO         3136    i.USBD_CtlContinueSendData  usbd_ioreq.o
    0x08002a80   0x08002a80   0x00000016   Code   RO         3063    i.USBD_CtlError     usbd_ctlreq.o
    0x08002a96   0x08002a96   0x00000016   Code   RO         3138    i.USBD_CtlReceiveStatus  usbd_ioreq.o
    0x08002aac   0x08002aac   0x0000001a   Code   RO         3139    i.USBD_CtlSendData  usbd_ioreq.o
    0x08002ac6   0x08002ac6   0x00000016   Code   RO         3140    i.USBD_CtlSendStatus  usbd_ioreq.o
    0x08002adc   0x08002adc   0x00000020   Code   RO          498    i.USBD_FS_ConfigStrDescriptor  usbd_desc.o
    0x08002afc   0x08002afc   0x0000000c   Code   RO          499    i.USBD_FS_DeviceDescriptor  usbd_desc.o
    0x08002b08   0x08002b08   0x00000024   Code   RO          500    i.USBD_FS_InterfaceStrDescriptor  usbd_desc.o
    0x08002b2c   0x08002b2c   0x0000000c   Code   RO          501    i.USBD_FS_LangIDStrDescriptor  usbd_desc.o
    0x08002b38   0x08002b38   0x00000028   Code   RO          502    i.USBD_FS_ManufacturerStrDescriptor  usbd_desc.o
    0x08002b60   0x08002b60   0x00000028   Code   RO          503    i.USBD_FS_ProductStrDescriptor  usbd_desc.o
    0x08002b88   0x08002b88   0x00000038   Code   RO          504    i.USBD_FS_SerialStrDescriptor  usbd_desc.o
    0x08002bc0   0x08002bc0   0x000000e6   Code   RO         3064    i.USBD_GetDescriptor  usbd_ctlreq.o
    0x08002ca6   0x08002ca6   0x00000048   Code   RO         3065    i.USBD_GetString    usbd_ctlreq.o
    0x08002cee   0x08002cee   0x00000018   Code   RO          315    i.USBD_Get_USB_Status  usbd_conf.o
    0x08002d06   0x08002d06   0x00000034   Code   RO         2926    i.USBD_Init         usbd_core.o
    0x08002d3a   0x08002d3a   0x00000012   Code   RO          316    i.USBD_LL_ClearStallEP  usbd_conf.o
    0x08002d4c   0x08002d4c   0x00000012   Code   RO          317    i.USBD_LL_CloseEP   usbd_conf.o
    0x08002d5e   0x08002d5e   0x000000aa   Code   RO         2927    i.USBD_LL_DataInStage  usbd_core.o
    0x08002e08   0x08002e08   0x0000006e   Code   RO         2928    i.USBD_LL_DataOutStage  usbd_core.o
    0x08002e76   0x08002e76   0x00000004   Code   RO         2929    i.USBD_LL_DevConnected  usbd_core.o
    0x08002e7a   0x08002e7a   0x00000018   Code   RO         2930    i.USBD_LL_DevDisconnected  usbd_core.o
    0x08002e92   0x08002e92   0x00000012   Code   RO          320    i.USBD_LL_FlushEP   usbd_conf.o
    0x08002ea4   0x08002ea4   0x00000008   Code   RO          321    i.USBD_LL_GetRxDataSize  usbd_conf.o
    0x08002eac   0x08002eac   0x00000060   Code   RO          322    i.USBD_LL_Init      usbd_conf.o
    0x08002f0c   0x08002f0c   0x00000020   Code   RO          323    i.USBD_LL_IsStallEP  usbd_conf.o
    0x08002f2c   0x08002f2c   0x00000004   Code   RO         2931    i.USBD_LL_IsoINIncomplete  usbd_core.o
    0x08002f30   0x08002f30   0x00000004   Code   RO         2932    i.USBD_LL_IsoOUTIncomplete  usbd_core.o
    0x08002f34   0x08002f34   0x00000018   Code   RO          324    i.USBD_LL_OpenEP    usbd_conf.o
    0x08002f4c   0x08002f4c   0x00000012   Code   RO          325    i.USBD_LL_PrepareReceive  usbd_conf.o
    0x08002f5e   0x08002f5e   0x00000052   Code   RO         2933    i.USBD_LL_Reset     usbd_core.o
    0x08002fb0   0x08002fb0   0x00000014   Code   RO         2934    i.USBD_LL_Resume    usbd_core.o
    0x08002fc4   0x08002fc4   0x00000018   Code   RO         2935    i.USBD_LL_SOF       usbd_core.o
    0x08002fdc   0x08002fdc   0x00000006   Code   RO         2936    i.USBD_LL_SetSpeed  usbd_core.o
    0x08002fe2   0x08002fe2   0x00000012   Code   RO          326    i.USBD_LL_SetUSBAddress  usbd_conf.o
    0x08002ff4   0x08002ff4   0x00000060   Code   RO         2937    i.USBD_LL_SetupStage  usbd_core.o
    0x08003054   0x08003054   0x00000012   Code   RO          327    i.USBD_LL_StallEP   usbd_conf.o
    0x08003066   0x08003066   0x00000012   Code   RO          328    i.USBD_LL_Start     usbd_conf.o
    0x08003078   0x08003078   0x00000012   Code   RO         2938    i.USBD_LL_Suspend   usbd_core.o
    0x0800308a   0x0800308a   0x00000012   Code   RO          330    i.USBD_LL_Transmit  usbd_conf.o
    0x0800309c   0x0800309c   0x0000000a   Code   RO         3195    i.USBD_MSC_DataIn   usbd_msc.o
    0x080030a6   0x080030a6   0x0000000a   Code   RO         3196    i.USBD_MSC_DataOut  usbd_msc.o
    0x080030b0   0x080030b0   0x00000032   Code   RO         3197    i.USBD_MSC_DeInit   usbd_msc.o
    0x080030e2   0x080030e2   0x00000002   PAD
    0x080030e4   0x080030e4   0x0000000c   Code   RO         3198    i.USBD_MSC_GetDeviceQualifierDescriptor  usbd_msc.o
    0x080030f0   0x080030f0   0x0000000c   Code   RO         3199    i.USBD_MSC_GetFSCfgDesc  usbd_msc.o
    0x080030fc   0x080030fc   0x0000000c   Code   RO         3200    i.USBD_MSC_GetHSCfgDesc  usbd_msc.o
    0x08003108   0x08003108   0x0000000c   Code   RO         3201    i.USBD_MSC_GetOtherSpeedCfgDesc  usbd_msc.o
    0x08003114   0x08003114   0x00000062   Code   RO         3202    i.USBD_MSC_Init     usbd_msc.o
    0x08003176   0x08003176   0x0000000e   Code   RO         3203    i.USBD_MSC_RegisterStorage  usbd_msc.o
    0x08003184   0x08003184   0x000000cc   Code   RO         3204    i.USBD_MSC_Setup    usbd_msc.o
    0x08003250   0x08003250   0x0000002c   Code   RO         3066    i.USBD_ParseSetupRequest  usbd_ctlreq.o
    0x0800327c   0x0800327c   0x00000022   Code   RO         2939    i.USBD_RegisterClass  usbd_core.o
    0x0800329e   0x0800329e   0x00000014   Code   RO         2941    i.USBD_SetClassConfig  usbd_core.o
    0x080032b2   0x080032b2   0x00000002   PAD
    0x080032b4   0x080032b4   0x000000bc   Code   RO         3067    i.USBD_SetConfig    usbd_ctlreq.o
    0x08003370   0x08003370   0x00000004   Code   RO         2942    i.USBD_Start        usbd_core.o
    0x08003374   0x08003374   0x00000114   Code   RO         3068    i.USBD_StdDevReq    usbd_ctlreq.o
    0x08003488   0x08003488   0x0000014c   Code   RO         3069    i.USBD_StdEPReq     usbd_ctlreq.o
    0x080035d4   0x080035d4   0x00000052   Code   RO         3070    i.USBD_StdItfReq    usbd_ctlreq.o
    0x08003626   0x08003626   0x00000002   PAD
    0x08003628   0x08003628   0x00000080   Code   RO         1019    i.USB_ActivateEndpoint  stm32f4xx_ll_usb.o
    0x080036a8   0x080036a8   0x0000001c   Code   RO         1021    i.USB_ActivateSetup  stm32f4xx_ll_usb.o
    0x080036c4   0x080036c4   0x00000074   Code   RO         1023    i.USB_CoreInit      stm32f4xx_ll_usb.o
    0x08003738   0x08003738   0x00000038   Code   RO         1024    i.USB_CoreReset     stm32f4xx_ll_usb.o
    0x08003770   0x08003770   0x000000cc   Code   RO         1027    i.USB_DeactivateEndpoint  stm32f4xx_ll_usb.o
    0x0800383c   0x0800383c   0x0000001c   Code   RO         1028    i.USB_DevConnect    stm32f4xx_ll_usb.o
    0x08003858   0x08003858   0x0000001c   Code   RO         1029    i.USB_DevDisconnect  stm32f4xx_ll_usb.o
    0x08003874   0x08003874   0x00000174   Code   RO         1030    i.USB_DevInit       stm32f4xx_ll_usb.o
    0x080039e8   0x080039e8   0x0000000c   Code   RO         1031    i.USB_DisableGlobalInt  stm32f4xx_ll_usb.o
    0x080039f4   0x080039f4   0x00000118   Code   RO         1034    i.USB_EP0StartXfer  stm32f4xx_ll_usb.o
    0x08003b0c   0x08003b0c   0x00000058   Code   RO         1035    i.USB_EP0_OutStart  stm32f4xx_ll_usb.o
    0x08003b64   0x08003b64   0x00000058   Code   RO         1036    i.USB_EPClearStall  stm32f4xx_ll_usb.o
    0x08003bbc   0x08003bbc   0x00000058   Code   RO         1037    i.USB_EPSetStall    stm32f4xx_ll_usb.o
    0x08003c14   0x08003c14   0x000001e8   Code   RO         1038    i.USB_EPStartXfer   stm32f4xx_ll_usb.o
    0x08003dfc   0x08003dfc   0x0000000c   Code   RO         1039    i.USB_EnableGlobalInt  stm32f4xx_ll_usb.o
    0x08003e08   0x08003e08   0x00000020   Code   RO         1040    i.USB_FlushRxFifo   stm32f4xx_ll_usb.o
    0x08003e28   0x08003e28   0x00000024   Code   RO         1041    i.USB_FlushTxFifo   stm32f4xx_ll_usb.o
    0x08003e4c   0x08003e4c   0x0000001a   Code   RO         1043    i.USB_GetDevSpeed   stm32f4xx_ll_usb.o
    0x08003e66   0x08003e66   0x00000008   Code   RO         1045    i.USB_GetMode       stm32f4xx_ll_usb.o
    0x08003e6e   0x08003e6e   0x0000000e   Code   RO         1052    i.USB_ReadDevAllInEpInterrupt  stm32f4xx_ll_usb.o
    0x08003e7c   0x08003e7c   0x0000000e   Code   RO         1053    i.USB_ReadDevAllOutEpInterrupt  stm32f4xx_ll_usb.o
    0x08003e8a   0x08003e8a   0x00000024   Code   RO         1054    i.USB_ReadDevInEPInterrupt  stm32f4xx_ll_usb.o
    0x08003eae   0x08003eae   0x00000010   Code   RO         1055    i.USB_ReadDevOutEPInterrupt  stm32f4xx_ll_usb.o
    0x08003ebe   0x08003ebe   0x00000008   Code   RO         1056    i.USB_ReadInterrupts  stm32f4xx_ll_usb.o
    0x08003ec6   0x08003ec6   0x0000001c   Code   RO         1057    i.USB_ReadPacket    stm32f4xx_ll_usb.o
    0x08003ee2   0x08003ee2   0x0000002e   Code   RO         1059    i.USB_SetCurrentMode  stm32f4xx_ll_usb.o
    0x08003f10   0x08003f10   0x00000022   Code   RO         1060    i.USB_SetDevAddress  stm32f4xx_ll_usb.o
    0x08003f32   0x08003f32   0x00000002   PAD
    0x08003f34   0x08003f34   0x000000e8   Code   RO         1062    i.USB_SetTurnaroundTime  stm32f4xx_ll_usb.o
    0x0800401c   0x0800401c   0x00000024   Code   RO         1065    i.USB_WritePacket   stm32f4xx_ll_usb.o
    0x08004040   0x08004040   0x00000002   Code   RO          653    i.UsageFault_Handler  stm32f4xx_it.o
    0x08004042   0x08004042   0x00000002   PAD
    0x08004044   0x08004044   0x00000080   Code   RO         3479    i.W25qxx_EraseSector  w25qxx.o
    0x080040c4   0x080040c4   0x000000e4   Code   RO         3480    i.W25qxx_Init       w25qxx.o
    0x080041a8   0x080041a8   0x00000048   Code   RO         3489    i.W25qxx_ReadID     w25qxx.o
    0x080041f0   0x080041f0   0x000000a8   Code   RO         3490    i.W25qxx_ReadPage   w25qxx.o
    0x08004298   0x08004298   0x00000064   Code   RO         3491    i.W25qxx_ReadSector  w25qxx.o
    0x080042fc   0x080042fc   0x0000006c   Code   RO         3492    i.W25qxx_ReadStatusRegister  w25qxx.o
    0x08004368   0x08004368   0x00000050   Code   RO         3493    i.W25qxx_ReadUniqID  w25qxx.o
    0x080043b8   0x080043b8   0x00000014   Code   RO         3495    i.W25qxx_SectorToPage  w25qxx.o
    0x080043cc   0x080043cc   0x00000020   Code   RO         3496    i.W25qxx_Spi        w25qxx.o
    0x080043ec   0x080043ec   0x0000004c   Code   RO         3497    i.W25qxx_WaitForWriteEnd  w25qxx.o
    0x08004438   0x08004438   0x0000002c   Code   RO         3501    i.W25qxx_WriteEnable  w25qxx.o
    0x08004464   0x08004464   0x000000b4   Code   RO         3502    i.W25qxx_WritePage  w25qxx.o
    0x08004518   0x08004518   0x00000064   Code   RO         3503    i.W25qxx_WriteSector  w25qxx.o
    0x0800457c   0x0800457c   0x00000020   Code   RO         2153    i.__NVIC_SetPriority  stm32f4xx_hal_cortex.o
    0x0800459c   0x0800459c   0x0000000e   Code   RO         3734    i.__scatterload_copy  mc_w.l(handlers.o)
    0x080045aa   0x080045aa   0x00000002   Code   RO         3735    i.__scatterload_null  mc_w.l(handlers.o)
    0x080045ac   0x080045ac   0x0000000e   Code   RO         3736    i.__scatterload_zeroinit  mc_w.l(handlers.o)
    0x080045ba   0x080045ba   0x00000002   PAD
    0x080045bc   0x080045bc   0x00000050   Code   RO         3682    i.free              mc_w.l(malloc.o)
    0x0800460c   0x0800460c   0x0000001a   Code   RO           15    i.main              main.o
    0x08004626   0x08004626   0x00000002   PAD
    0x08004628   0x08004628   0x0000006c   Code   RO         3683    i.malloc            mc_w.l(malloc.o)
    0x08004694   0x08004694   0x00000024   Data   RO          590    .constdata          usbd_storage_if.o
    0x080046b8   0x080046b8   0x00000010   Data   RO         2888    .constdata          system_stm32f4xx.o
    0x080046c8   0x080046c8   0x00000020   Data   RO         3732    Region$$Table       anon$$obj.o


    Execution Region RW_IRAM1 (Exec base: 0x20000000, Load base: 0x080046e8, Size: 0x000010c8, Max: 0x00020000, ABSOLUTE, COMPRESSED[0x000000b8])

    Exec Addr    Load Addr    Size         Type   Attr      Idx    E Section Name        Object

    0x20000000   COMPRESSED   0x0000001c   Data   RW          506    .data               usbd_desc.o
    0x2000001c   COMPRESSED   0x00000032   Data   RW          507    .data               usbd_desc.o
    0x2000004e   COMPRESSED   0x00000002   PAD
    0x20000050   COMPRESSED   0x00000020   Data   RW          591    .data               usbd_storage_if.o
    0x20000070   COMPRESSED   0x0000000c   Data   RW         2297    .data               stm32f4xx_hal.o
    0x2000007c   COMPRESSED   0x00000004   Data   RW         2890    .data               system_stm32f4xx.o
    0x20000080   COMPRESSED   0x00000001   Data   RW         3071    .data               usbd_ctlreq.o
    0x20000081   COMPRESSED   0x00000003   PAD
    0x20000084   COMPRESSED   0x00000038   Data   RW         3205    .data               usbd_msc.o
    0x200000bc   COMPRESSED   0x0000006a   Data   RW         3206    .data               usbd_msc.o
    0x20000126   COMPRESSED   0x00000006   Data   RW         3350    .data               usbd_msc_data.o
    0x2000012c   COMPRESSED   0x00000008   Data   RW         3351    .data               usbd_msc_data.o
    0x20000134   COMPRESSED   0x00000017   Data   RW         3352    .data               usbd_msc_data.o
    0x2000014b   COMPRESSED   0x0000001b   Data   RW         3353    .data               usbd_msc_data.o
    0x20000166   COMPRESSED   0x00000002   PAD
    0x20000168   COMPRESSED   0x00000004   Data   RW         3728    .data               mc_w.l(mvars.o)
    0x2000016c   COMPRESSED   0x00000004   Data   RW         3729    .data               mc_w.l(mvars.o)
    0x20000170        -       0x00000058   Zero   RW          209    .bss                spi.o
    0x200001c8        -       0x000002d0   Zero   RW          249    .bss                usb_device.o
    0x20000498        -       0x00000408   Zero   RW          331    .bss                usbd_conf.o
    0x200008a0        -       0x00000200   Zero   RW          505    .bss                usbd_desc.o
    0x20000aa0        -       0x00000028   Zero   RW         3505    .bss                w25qxx.o
    0x20000ac8        -       0x00000200   Zero   RW            2    HEAP                startup_stm32f411xe.o
    0x20000cc8        -       0x00000400   Zero   RW            1    STACK               startup_stm32f411xe.o


==============================================================================

Image component sizes


      Code (inc. data)   RO Data    RW Data    ZI Data      Debug   Object Name

       144         12          0          0          0        903   gpio.o
       156          8          0          0          0     396724   main.o
       176         22          0          0         88       1649   spi.o
        36          8        408          0       1536        836   startup_stm32f411xe.o
       180         28          0         12          0       9261   stm32f4xx_hal.o
       198         14          0          0          0      33947   stm32f4xx_hal_cortex.o
       414         34          0          0          0       2376   stm32f4xx_hal_gpio.o
        48          6          0          0          0        830   stm32f4xx_hal_msp.o
      2360         14          0          0          0      13508   stm32f4xx_hal_pcd.o
        78          0          0          0          0       2401   stm32f4xx_hal_pcd_ex.o
      1280         58          0          0          0       4518   stm32f4xx_hal_rcc.o
      1622          8          0          0          0       8290   stm32f4xx_hal_spi.o
        32          6          0          0          0       4542   stm32f4xx_it.o
      2582        132          0          0          0      22711   stm32f4xx_ll_usb.o
        28          6         16          4          0       1131   system_stm32f4xx.o
        84         18          0          0        720       5503   usb_device.o
       646         20          0          0       1032      15466   usbd_conf.o
       688          0          0          0          0      12397   usbd_core.o
      1256         30          0          1          0      14016   usbd_ctlreq.o
       284        100          0         78        512       5913   usbd_desc.o
       102          0          0          0          0       3804   usbd_ioreq.o
       434         16          0        162          0       9366   usbd_msc.o
       636         10          0          0          0       7445   usbd_msc_bot.o
         0          0          0         64          0        933   usbd_msc_data.o
      2164         18          0          0          0      16271   usbd_msc_scsi.o
        80          0         36         32          0       4419   usbd_storage_if.o
      1336        110          0          0         40      10278   w25qxx.o

    ----------------------------------------------------------------------
     17066        678        492        360       3928     609438   Object Totals
         0          0         32          0          0          0   (incl. Generated)
        22          0          0          7          0          0   (incl. Padding)

    ----------------------------------------------------------------------

      Code (inc. data)   RO Data    RW Data    ZI Data      Debug   Library Member Name

        86          0          0          0          0          0   __dczerorl2.o
         0          0          0          0          0          0   entry.o
         0          0          0          0          0          0   entry10a.o
         0          0          0          0          0          0   entry11a.o
         8          4          0          0          0          0   entry2.o
         4          0          0          0          0          0   entry5.o
         0          0          0          0          0          0   entry7b.o
         0          0          0          0          0          0   entry8b.o
         8          4          0          0          0          0   entry9a.o
        30          0          0          0          0          0   handlers.o
        36          8          0          0          0         68   init.o
        30          0          0          0          0         68   llshl.o
        32          0          0          0          0         68   llushr.o
       188         20          0          0          0        160   malloc.o
        36          0          0          0          0         68   memcpya.o
        36          0          0          0          0        108   memseta.o
         0          0          0          8          0          0   mvars.o
        98          0          0          0          0         92   uldiv.o

    ----------------------------------------------------------------------
       594         36          0          8          0        632   Library Totals
         2          0          0          0          0          0   (incl. Padding)

    ----------------------------------------------------------------------

      Code (inc. data)   RO Data    RW Data    ZI Data      Debug   Library Name

       592         36          0          8          0        632   mc_w.l

    ----------------------------------------------------------------------
       594         36          0          8          0        632   Library Totals

    ----------------------------------------------------------------------

==============================================================================


      Code (inc. data)   RO Data    RW Data    ZI Data      Debug   

     17660        714        492        368       3928     590294   Grand Totals
     17660        714        492        184       3928     590294   ELF Image Totals (compressed)
     17660        714        492        184          0          0   ROM Totals

==============================================================================

    Total RO  Size (Code + RO Data)                18152 (  17.73kB)
    Total RW  Size (RW Data + ZI Data)              4296 (   4.20kB)
    Total ROM Size (Code + RO Data + RW Data)      18336 (  17.91kB)

==============================================================================

